Archive member included to satisfy reference by file (symbol)

/opt/st/stm32cubeide_1.10.1/plugins/com.st.stm32cube.ide.mcu.externaltools.gnu-tools-for-stm32.10.3-2021.10.linux64_1.0.0.202111181127/tools/bin/../lib/gcc/arm-none-eabi/10.3.1/../../../../arm-none-eabi/lib/thumb/v7e-m+dp/hard/libstdc++_nano.a(pure.o)
                              ./Core/Src/ROS_mainpp.o (__cxa_pure_virtual)
/opt/st/stm32cubeide_1.10.1/plugins/com.st.stm32cube.ide.mcu.externaltools.gnu-tools-for-stm32.10.3-2021.10.linux64_1.0.0.202111181127/tools/bin/../lib/gcc/arm-none-eabi/10.3.1/../../../../arm-none-eabi/lib/thumb/v7e-m+dp/hard/libstdc++_nano.a(eh_terminate.o)
                              /opt/st/stm32cubeide_1.10.1/plugins/com.st.stm32cube.ide.mcu.externaltools.gnu-tools-for-stm32.10.3-2021.10.linux64_1.0.0.202111181127/tools/bin/../lib/gcc/arm-none-eabi/10.3.1/../../../../arm-none-eabi/lib/thumb/v7e-m+dp/hard/libstdc++_nano.a(pure.o) (std::terminate())
/opt/st/stm32cubeide_1.10.1/plugins/com.st.stm32cube.ide.mcu.externaltools.gnu-tools-for-stm32.10.3-2021.10.linux64_1.0.0.202111181127/tools/bin/../lib/gcc/arm-none-eabi/10.3.1/../../../../arm-none-eabi/lib/thumb/v7e-m+dp/hard/libstdc++_nano.a(eh_unex_handler.o)
                              /opt/st/stm32cubeide_1.10.1/plugins/com.st.stm32cube.ide.mcu.externaltools.gnu-tools-for-stm32.10.3-2021.10.linux64_1.0.0.202111181127/tools/bin/../lib/gcc/arm-none-eabi/10.3.1/../../../../arm-none-eabi/lib/thumb/v7e-m+dp/hard/libstdc++_nano.a(eh_terminate.o) (__cxxabiv1::__unexpected_handler)
/opt/st/stm32cubeide_1.10.1/plugins/com.st.stm32cube.ide.mcu.externaltools.gnu-tools-for-stm32.10.3-2021.10.linux64_1.0.0.202111181127/tools/bin/../lib/gcc/arm-none-eabi/10.3.1/../../../../arm-none-eabi/lib/thumb/v7e-m+dp/hard/libstdc++_nano.a(eh_term_handler.o)
                              /opt/st/stm32cubeide_1.10.1/plugins/com.st.stm32cube.ide.mcu.externaltools.gnu-tools-for-stm32.10.3-2021.10.linux64_1.0.0.202111181127/tools/bin/../lib/gcc/arm-none-eabi/10.3.1/../../../../arm-none-eabi/lib/thumb/v7e-m+dp/hard/libstdc++_nano.a(eh_terminate.o) (__cxxabiv1::__terminate_handler)
/opt/st/stm32cubeide_1.10.1/plugins/com.st.stm32cube.ide.mcu.externaltools.gnu-tools-for-stm32.10.3-2021.10.linux64_1.0.0.202111181127/tools/bin/../lib/gcc/arm-none-eabi/10.3.1/../../../../arm-none-eabi/lib/thumb/v7e-m+dp/hard/libc_nano.a(lib_a-abort.o)
                              /opt/st/stm32cubeide_1.10.1/plugins/com.st.stm32cube.ide.mcu.externaltools.gnu-tools-for-stm32.10.3-2021.10.linux64_1.0.0.202111181127/tools/bin/../lib/gcc/arm-none-eabi/10.3.1/../../../../arm-none-eabi/lib/thumb/v7e-m+dp/hard/libstdc++_nano.a(eh_terminate.o) (abort)
/opt/st/stm32cubeide_1.10.1/plugins/com.st.stm32cube.ide.mcu.externaltools.gnu-tools-for-stm32.10.3-2021.10.linux64_1.0.0.202111181127/tools/bin/../lib/gcc/arm-none-eabi/10.3.1/../../../../arm-none-eabi/lib/thumb/v7e-m+dp/hard/libc_nano.a(lib_a-errno.o)
                              ./Core/Src/syscalls.o (__errno)
/opt/st/stm32cubeide_1.10.1/plugins/com.st.stm32cube.ide.mcu.externaltools.gnu-tools-for-stm32.10.3-2021.10.linux64_1.0.0.202111181127/tools/bin/../lib/gcc/arm-none-eabi/10.3.1/../../../../arm-none-eabi/lib/thumb/v7e-m+dp/hard/libc_nano.a(lib_a-exit.o)
                              /opt/st/stm32cubeide_1.10.1/plugins/com.st.stm32cube.ide.mcu.externaltools.gnu-tools-for-stm32.10.3-2021.10.linux64_1.0.0.202111181127/tools/bin/../lib/gcc/arm-none-eabi/10.3.1/../../../../arm-none-eabi/lib/thumb/v7e-m+dp/hard/crt0.o (exit)
/opt/st/stm32cubeide_1.10.1/plugins/com.st.stm32cube.ide.mcu.externaltools.gnu-tools-for-stm32.10.3-2021.10.linux64_1.0.0.202111181127/tools/bin/../lib/gcc/arm-none-eabi/10.3.1/../../../../arm-none-eabi/lib/thumb/v7e-m+dp/hard/libc_nano.a(lib_a-impure.o)
                              /opt/st/stm32cubeide_1.10.1/plugins/com.st.stm32cube.ide.mcu.externaltools.gnu-tools-for-stm32.10.3-2021.10.linux64_1.0.0.202111181127/tools/bin/../lib/gcc/arm-none-eabi/10.3.1/../../../../arm-none-eabi/lib/thumb/v7e-m+dp/hard/libc_nano.a(lib_a-exit.o) (_global_impure_ptr)
/opt/st/stm32cubeide_1.10.1/plugins/com.st.stm32cube.ide.mcu.externaltools.gnu-tools-for-stm32.10.3-2021.10.linux64_1.0.0.202111181127/tools/bin/../lib/gcc/arm-none-eabi/10.3.1/../../../../arm-none-eabi/lib/thumb/v7e-m+dp/hard/libc_nano.a(lib_a-init.o)
                              /opt/st/stm32cubeide_1.10.1/plugins/com.st.stm32cube.ide.mcu.externaltools.gnu-tools-for-stm32.10.3-2021.10.linux64_1.0.0.202111181127/tools/bin/../lib/gcc/arm-none-eabi/10.3.1/../../../../arm-none-eabi/lib/thumb/v7e-m+dp/hard/crt0.o (__libc_init_array)
/opt/st/stm32cubeide_1.10.1/plugins/com.st.stm32cube.ide.mcu.externaltools.gnu-tools-for-stm32.10.3-2021.10.linux64_1.0.0.202111181127/tools/bin/../lib/gcc/arm-none-eabi/10.3.1/../../../../arm-none-eabi/lib/thumb/v7e-m+dp/hard/libc_nano.a(lib_a-memcpy-stub.o)
                              ./Core/Src/ROS_mainpp.o (memcpy)
[...]
Memory Configuration

Name             Origin             Length             Attributes
ITCMRAM          0x0000000000000000 0x0000000000010000 xrw
DTCMRAM          0x0000000020000000 0x0000000000020000 xrw
FLASH            0x0000000008000000 0x0000000000100000 xr
RAM_D1           0x0000000024000000 0x0000000000050000 xrw
RAM_D2           0x0000000030000000 0x0000000000008000 xrw
RAM_D3           0x0000000038000000 0x0000000000004000 xrw
*default*        0x0000000000000000 0xffffffffffffffff

Linker script and memory map

LOAD /opt/st/stm32cubeide_1.10.1/plugins/com.st.stm32cube.ide.mcu.externaltools.gnu-tools-for-stm32.10.3-2021.10.linux64_1.0.0.202111181127/tools/bin/../lib/gcc/arm-none-eabi/10.3.1/thumb/v7e-m+dp/hard/crti.o
LOAD /opt/st/stm32cubeide_1.10.1/plugins/com.st.stm32cube.ide.mcu.externaltools.gnu-tools-for-stm32.10.3-2021.10.linux64_1.0.0.202111181127/tools/bin/../lib/gcc/arm-none-eabi/10.3.1/thumb/v7e-m+dp/hard/crtbegin.o
LOAD /opt/st/stm32cubeide_1.10.1/plugins/com.st.stm32cube.ide.mcu.externaltools.gnu-tools-for-stm32.10.3-2021.10.linux64_1.0.0.202111181127/tools/bin/../lib/gcc/arm-none-eabi/10.3.1/../../../../arm-none-eabi/lib/thumb/v7e-m+dp/hard/crt0.o
LOAD ./Core/Inc/duration.o
LOAD ./Core/Inc/time.o
LOAD ./Core/Src/DC_Motor.o
LOAD ./Core/Src/DebugMode.o
LOAD ./Core/Src/Omni.o
LOAD ./Core/Src/ROS_mainpp.o
LOAD ./Core/Src/function.o
LOAD ./Core/Src/main.o
LOAD ./Core/Src/mainpp.o
LOAD ./Core/Src/stm32h7xx_hal_msp.o
LOAD ./Core/Src/stm32h7xx_it.o
LOAD ./Core/Src/syscalls.o
LOAD ./Core/Src/sysmem.o
LOAD ./Core/Src/system_stm32h7xx.o
LOAD ./Core/Startup/startup_stm32h723zgtx.o
LOAD ./Drivers/STM32H7xx_HAL_Driver/Src/stm32h7xx_hal.o
LOAD ./Drivers/STM32H7xx_HAL_Driver/Src/stm32h7xx_hal_cortex.o
LOAD ./Drivers/STM32H7xx_HAL_Driver/Src/stm32h7xx_hal_dma.o
LOAD ./Drivers/STM32H7xx_HAL_Driver/Src/stm32h7xx_hal_dma_ex.o
LOAD ./Drivers/STM32H7xx_HAL_Driver/Src/stm32h7xx_hal_exti.o
LOAD ./Drivers/STM32H7xx_HAL_Driver/Src/stm32h7xx_hal_flash.o
LOAD ./Drivers/STM32H7xx_HAL_Driver/Src/stm32h7xx_hal_flash_ex.o
LOAD ./Drivers/STM32H7xx_HAL_Driver/Src/stm32h7xx_hal_gpio.o
LOAD ./Drivers/STM32H7xx_HAL_Driver/Src/stm32h7xx_hal_hsem.o
LOAD ./Drivers/STM32H7xx_HAL_Driver/Src/stm32h7xx_hal_i2c.o
LOAD ./Drivers/STM32H7xx_HAL_Driver/Src/stm32h7xx_hal_i2c_ex.o
LOAD ./Drivers/STM32H7xx_HAL_Driver/Src/stm32h7xx_hal_mdma.o
LOAD ./Drivers/STM32H7xx_HAL_Driver/Src/stm32h7xx_hal_pwr.o
LOAD ./Drivers/STM32H7xx_HAL_Driver/Src/stm32h7xx_hal_pwr_ex.o
LOAD ./Drivers/STM32H7xx_HAL_Driver/Src/stm32h7xx_hal_rcc.o
LOAD ./Drivers/STM32H7xx_HAL_Driver/Src/stm32h7xx_hal_rcc_ex.o
LOAD ./Drivers/STM32H7xx_HAL_Driver/Src/stm32h7xx_hal_tim.o
LOAD ./Drivers/STM32H7xx_HAL_Driver/Src/stm32h7xx_hal_tim_ex.o
LOAD ./Drivers/STM32H7xx_HAL_Driver/Src/stm32h7xx_hal_uart.o
LOAD ./Drivers/STM32H7xx_HAL_Driver/Src/stm32h7xx_hal_uart_ex.o
START GROUP
LOAD /opt/st/stm32cubeide_1.10.1/plugins/com.st.stm32cube.ide.mcu.externaltools.gnu-tools-for-stm32.10.3-2021.10.linux64_1.0.0.202111181127/tools/bin/../lib/gcc/arm-none-eabi/10.3.1/../../../../arm-none-eabi/lib/thumb/v7e-m+dp/hard/libstdc++_nano.a
LOAD /opt/st/stm32cubeide_1.10.1/plugins/com.st.stm32cube.ide.mcu.externaltools.gnu-tools-for-stm32.10.3-2021.10.linux64_1.0.0.202111181127/tools/bin/../lib/gcc/arm-none-eabi/10.3.1/../../../../arm-none-eabi/lib/thumb/v7e-m+dp/hard/libsupc++_nano.a
END GROUP
LOAD /opt/st/stm32cubeide_1.10.1/plugins/com.st.stm32cube.ide.mcu.externaltools.gnu-tools-for-stm32.10.3-2021.10.linux64_1.0.0.202111181127/tools/bin/../lib/gcc/arm-none-eabi/10.3.1/../../../../arm-none-eabi/lib/thumb/v7e-m+dp/hard/libstdc++_nano.a
LOAD /opt/st/stm32cubeide_1.10.1/plugins/com.st.stm32cube.ide.mcu.externaltools.gnu-tools-for-stm32.10.3-2021.10.linux64_1.0.0.202111181127/tools/bin/../lib/gcc/arm-none-eabi/10.3.1/../../../../arm-none-eabi/lib/thumb/v7e-m+dp/hard/libm.a
LOAD /opt/st/stm32cubeide_1.10.1/plugins/com.st.stm32cube.ide.mcu.externaltools.gnu-tools-for-stm32.10.3-2021.10.linux64_1.0.0.202111181127/tools/bin/../lib/gcc/arm-none-eabi/10.3.1/../../../../arm-none-eabi/lib/thumb/v7e-m+dp/hard/libc_nano.a
START GROUP
LOAD /opt/st/stm32cubeide_1.10.1/plugins/com.st.stm32cube.ide.mcu.externaltools.gnu-tools-for-stm32.10.3-2021.10.linux64_1.0.0.202111181127/tools/bin/../lib/gcc/arm-none-eabi/10.3.1/thumb/v7e-m+dp/hard/libgcc.a
LOAD /opt/st/stm32cubeide_1.10.1/plugins/com.st.stm32cube.ide.mcu.externaltools.gnu-tools-for-stm32.10.3-2021.10.linux64_1.0.0.202111181127/tools/bin/../lib/gcc/arm-none-eabi/10.3.1/../../../../arm-none-eabi/lib/thumb/v7e-m+dp/hard/libc_nano.a
END GROUP
START GROUP
LOAD /opt/st/stm32cubeide_1.10.1/plugins/com.st.stm32cube.ide.mcu.externaltools.gnu-tools-for-stm32.10.3-2021.10.linux64_1.0.0.202111181127/tools/bin/../lib/gcc/arm-none-eabi/10.3.1/thumb/v7e-m+dp/hard/libgcc.a
LOAD /opt/st/stm32cubeide_1.10.1/plugins/com.st.stm32cube.ide.mcu.externaltools.gnu-tools-for-stm32.10.3-2021.10.linux64_1.0.0.202111181127/tools/bin/../lib/gcc/arm-none-eabi/10.3.1/../../../../arm-none-eabi/lib/thumb/v7e-m+dp/hard/libc_nano.a
LOAD /opt/st/stm32cubeide_1.10.1/plugins/com.st.stm32cube.ide.mcu.externaltools.gnu-tools-for-stm32.10.3-2021.10.linux64_1.0.0.202111181127/tools/bin/../lib/gcc/arm-none-eabi/10.3.1/../../../../arm-none-eabi/lib/thumb/v7e-m+dp/hard/libnosys.a
END GROUP
START GROUP
LOAD /opt/st/stm32cubeide_1.10.1/plugins/com.st.stm32cube.ide.mcu.externaltools.gnu-tools-for-stm32.10.3-2021.10.linux64_1.0.0.202111181127/tools/bin/../lib/gcc/arm-none-eabi/10.3.1/thumb/v7e-m+dp/hard/libgcc.a
LOAD /opt/st/stm32cubeide_1.10.1/plugins/com.st.stm32cube.ide.mcu.externaltools.gnu-tools-for-stm32.10.3-2021.10.linux64_1.0.0.202111181127/tools/bin/../lib/gcc/arm-none-eabi/10.3.1/../../../../arm-none-eabi/lib/thumb/v7e-m+dp/hard/libc_nano.a
LOAD /opt/st/stm32cubeide_1.10.1/plugins/com.st.stm32cube.ide.mcu.externaltools.gnu-tools-for-stm32.10.3-2021.10.linux64_1.0.0.202111181127/tools/bin/../lib/gcc/arm-none-eabi/10.3.1/../../../../arm-none-eabi/lib/thumb/v7e-m+dp/hard/libnosys.a
END GROUP
LOAD /opt/st/stm32cubeide_1.10.1/plugins/com.st.stm32cube.ide.mcu.externaltools.gnu-tools-for-stm32.10.3-2021.10.linux64_1.0.0.202111181127/tools/bin/../lib/gcc/arm-none-eabi/10.3.1/thumb/v7e-m+dp/hard/crtend.o
LOAD /opt/st/stm32cubeide_1.10.1/plugins/com.st.stm32cube.ide.mcu.externaltools.gnu-tools-for-stm32.10.3-2021.10.linux64_1.0.0.202111181127/tools/bin/../lib/gcc/arm-none-eabi/10.3.1/thumb/v7e-m+dp/hard/crtn.o
                0x0000000024050000                _estack = (ORIGIN (RAM_D1) + LENGTH (RAM_D1))
                0x0000000000000200                _Min_Heap_Size = 0x200
                0x0000000000000400                _Min_Stack_Size = 0x400

.isr_vector     0x0000000008000000      0x2cc
                0x0000000008000000                . = ALIGN (0x4)
 *(.isr_vector)
 .isr_vector    0x0000000008000000      0x2cc ./Core/Startup/startup_stm32h723zgtx.o
                0x0000000008000000                g_pfnVectors
                0x00000000080002cc                . = ALIGN (0x4)

.text           0x00000000080002d0     0xde44
                0x00000000080002d0                . = ALIGN (0x4)
 *(.text)
 .text          0x00000000080002d0       0x40 /opt/st/stm32cubeide_1.10.1/plugins/com.st.stm32cube.ide.mcu.externaltools.gnu-tools-for-stm32.10.3-2021.10.linux64_1.0.0.202111181127/tools/bin/../lib/gcc/arm-none-eabi/10.3.1/thumb/v7e-m+dp/hard/crtbegin.o
 .text          0x0000000008000310       0x10 /opt/st/stm32cubeide_1.10.1/plugins/com.st.stm32cube.ide.mcu.externaltools.gnu-tools-for-stm32.10.3-2021.10.linux64_1.0.0.202111181127/tools/bin/../lib/gcc/arm-none-eabi/10.3.1/../../../../arm-none-eabi/lib/thumb/v7e-m+dp/hard/libc_nano.a(lib_a-strlen.o)
                0x0000000008000310                strlen
 .text          0x0000000008000320       0x30 /opt/st/stm32cubeide_1.10.1/plugins/com.st.stm32cube.ide.mcu.externaltools.gnu-tools-for-stm32.10.3-2021.10.linux64_1.0.0.202111181127/tools/bin/../lib/gcc/arm-none-eabi/10.3.1/thumb/v7e-m+dp/hard/libgcc.a(_aeabi_uldivmod.o)
                0x0000000008000320                __aeabi_uldivmod
 .text          0x0000000008000350      0x2d0 /opt/st/stm32cubeide_1.10.1/plugins/com.st.stm32cube.ide.mcu.externaltools.gnu-tools-for-stm32.10.3-2021.10.linux64_1.0.0.202111181127/tools/bin/../lib/gcc/arm-none-eabi/10.3.1/thumb/v7e-m+dp/hard/libgcc.a(_udivmoddi4.o)
                0x0000000008000350                __udivmoddi4
 .text          0x0000000008000620        0x4 /opt/st/stm32cubeide_1.10.1/plugins/com.st.stm32cube.ide.mcu.externaltools.gnu-tools-for-stm32.10.3-2021.10.linux64_1.0.0.202111181127/tools/bin/../lib/gcc/arm-none-eabi/10.3.1/thumb/v7e-m+dp/hard/libgcc.a(_dvmd_tls.o)
                0x0000000008000620                __aeabi_ldiv0
                0x0000000008000620                __aeabi_idiv0
 *(.text*)
 .text._ZN3ros16normalizeSecNSecERmS0_
                0x0000000008000624       0x58 ./Core/Inc/time.o
                0x0000000008000624                ros::normalizeSecNSec(unsigned long&, unsigned long&)
 .text._ZN8DC_Motor4InitEv
                0x000000000800067c       0x6c ./Core/Src/DC_Motor.o
                0x000000000800067c                DC_Motor::Init()
 .text._ZN8DC_Motor5Motor4InitEsP17TIM_HandleTypeDefddd
                0x00000000080006e8       0x50 ./Core/Src/DC_Motor.o
                0x00000000080006e8                DC_Motor::Motor::Init(short, TIM_HandleTypeDef*, double, double, double)
 .text._ZN8DC_Motor5Motor9UpdatePIDEv
                0x0000000008000738       0xc8 ./Core/Src/DC_Motor.o
                0x0000000008000738                DC_Motor::Motor::UpdatePID()
 .text._ZN8DC_Motor5Motor10UpdateVnowEv
                0x0000000008000800       0x5c ./Core/Src/DC_Motor.o
                0x0000000008000800                DC_Motor::Motor::UpdateVnow()
 .text._ZN8DC_Motor5Motor8SetVgoalEd
                0x000000000800085c       0x22 ./Core/Src/DC_Motor.o
                0x000000000800085c                DC_Motor::Motor::SetVgoal(double)
 .text._ZN8DC_Motor5Motor10Record_CNTEv
                0x000000000800087e       0x24 ./Core/Src/DC_Motor.o
                0x000000000800087e                DC_Motor::Motor::Record_CNT()
 .text._ZN8DC_Motor5Motor9Reset_CNTEv
                0x00000000080008a2       0x1a ./Core/Src/DC_Motor.o
                0x00000000080008a2                DC_Motor::Motor::Reset_CNT()
 .text._ZN8DC_Motor5Motor7MoveDisEv
                0x00000000080008bc       0x48 ./Core/Src/DC_Motor.o
                0x00000000080008bc                DC_Motor::Motor::MoveDis()
 .text._ZN8DC_Motor5Motor7GetVnowEv
                0x0000000008000904       0x20 ./Core/Src/DC_Motor.o
                0x0000000008000904                DC_Motor::Motor::GetVnow()
 .text._ZN8DC_Motor5MotorC2Ev
                0x0000000008000924       0x9c ./Core/Src/Omni.o
                0x0000000008000924                DC_Motor::Motor::Motor()
                0x0000000008000924                DC_Motor::Motor::Motor()
 .text._ZN8CAR_INFOC2Ev
                0x00000000080009c0       0x40 ./Core/Src/Omni.o
                0x00000000080009c0                CAR_INFO::CAR_INFO()
                0x00000000080009c0                CAR_INFO::CAR_INFO()
 .text._ZN4OmniC2Ev
                0x0000000008000a00       0x78 ./Core/Src/Omni.o
                0x0000000008000a00                Omni::Omni()
                0x0000000008000a00                Omni::Omni()
 .text._ZN4Omni4InitEv
                0x0000000008000a78       0xb0 ./Core/Src/Omni.o
                0x0000000008000a78                Omni::Init()
 .text._ZN4Omni16Get_Car_locationEv
                0x0000000008000b28       0x48 ./Core/Src/Omni.o
                0x0000000008000b28                Omni::Get_Car_location()
 .text._ZN4Omni16UpdateNowCarInfoEv
                0x0000000008000b70       0xea ./Core/Src/Omni.o
                0x0000000008000b70                Omni::UpdateNowCarInfo()
 .text._ZN4Omni14SetGoalCarInfoEddd
                0x0000000008000c5a       0x54 ./Core/Src/Omni.o
                0x0000000008000c5a                Omni::SetGoalCarInfo(double, double, double)
 .text._ZN4Omni10Update_PIDEv
                0x0000000008000cae       0x36 ./Core/Src/Omni.o
                0x0000000008000cae                Omni::Update_PID()
 .text._ZN4Omni15UpdateMotorVnowEv
                0x0000000008000ce4       0x36 ./Core/Src/Omni.o
                0x0000000008000ce4                Omni::UpdateMotorVnow()
 *fill*         0x0000000008000d1a        0x6 
 .text._ZN4Omni4MoveEv
                0x0000000008000d20      0x170 ./Core/Src/Omni.o
                0x0000000008000d20                Omni::Move()
 .text._ZN4Omni13SetMotorVgoalEv
                0x0000000008000e90       0xfa ./Core/Src/Omni.o
                0x0000000008000e90                Omni::SetMotorVgoal()
 .text._ZN4Omni13GetNowCarInfoEv
                0x0000000008000f8a       0x4e ./Core/Src/Omni.o
                0x0000000008000f8a                Omni::GetNowCarInfo()
 .text._Z41__static_initialization_and_destruction_0ii
                0x0000000008000fd8       0x2c ./Core/Src/Omni.o
 .text._GLOBAL__sub_I_omni
                0x0000000008001004       0x10 ./Core/Src/Omni.o
 .text._ZN3ros3MsgC2Ev
                0x0000000008001014       0x20 ./Core/Src/ROS_mainpp.o
                0x0000000008001014                ros::Msg::Msg()
                0x0000000008001014                ros::Msg::Msg()
 .text._ZN13geometry_msgs7Vector3C2Ev
                0x0000000008001034       0x50 ./Core/Src/ROS_mainpp.o
                0x0000000008001034                geometry_msgs::Vector3::Vector3()
                0x0000000008001034                geometry_msgs::Vector3::Vector3()
 .text._ZNK13geometry_msgs7Vector39serializeEPh
                0x0000000008001084      0x2e6 ./Core/Src/ROS_mainpp.o
                0x0000000008001084                geometry_msgs::Vector3::serialize(unsigned char*) const
 .text._ZN13geometry_msgs7Vector311deserializeEPh
                0x000000000800136a      0x6be ./Core/Src/ROS_mainpp.o
                0x000000000800136a                geometry_msgs::Vector3::deserialize(unsigned char*)
 .text._ZN13geometry_msgs7Vector37getTypeEv
                0x0000000008001a28       0x1c ./Core/Src/ROS_mainpp.o
                0x0000000008001a28                geometry_msgs::Vector3::getType()
 .text._ZN13geometry_msgs7Vector36getMD5Ev
                0x0000000008001a44       0x1c ./Core/Src/ROS_mainpp.o
                0x0000000008001a44                geometry_msgs::Vector3::getMD5()
 .text._ZN13geometry_msgs5TwistC2Ev
                0x0000000008001a60       0x38 ./Core/Src/ROS_mainpp.o
                0x0000000008001a60                geometry_msgs::Twist::Twist()
                0x0000000008001a60                geometry_msgs::Twist::Twist()
 .text._ZNK13geometry_msgs5Twist9serializeEPh
                0x0000000008001a98       0x4c ./Core/Src/ROS_mainpp.o
                0x0000000008001a98                geometry_msgs::Twist::serialize(unsigned char*) const
 .text._ZN13geometry_msgs5Twist11deserializeEPh
                0x0000000008001ae4       0x4c ./Core/Src/ROS_mainpp.o
                0x0000000008001ae4                geometry_msgs::Twist::deserialize(unsigned char*)
 .text._ZN13geometry_msgs5Twist7getTypeEv
                0x0000000008001b30       0x1c ./Core/Src/ROS_mainpp.o
                0x0000000008001b30                geometry_msgs::Twist::getType()
 .text._ZN13geometry_msgs5Twist6getMD5Ev
                0x0000000008001b4c       0x1c ./Core/Src/ROS_mainpp.o
                0x0000000008001b4c                geometry_msgs::Twist::getMD5()
 .text._ZN3ros4TimeC2Ev
                0x0000000008001b68       0x22 ./Core/Src/ROS_mainpp.o
                0x0000000008001b68                ros::Time::Time()
                0x0000000008001b68                ros::Time::Time()
 *fill*         0x0000000008001b8a        0x2 
 .text._ZN8std_msgs4TimeC2Ev
                0x0000000008001b8c       0x30 ./Core/Src/ROS_mainpp.o
                0x0000000008001b8c                std_msgs::Time::Time()
                0x0000000008001b8c                std_msgs::Time::Time()
 .text._ZNK8std_msgs4Time9serializeEPh
                0x0000000008001bbc       0xb0 ./Core/Src/ROS_mainpp.o
                0x0000000008001bbc                std_msgs::Time::serialize(unsigned char*) const
 .text._ZN8std_msgs4Time11deserializeEPh
                0x0000000008001c6c       0xc8 ./Core/Src/ROS_mainpp.o
                0x0000000008001c6c                std_msgs::Time::deserialize(unsigned char*)
 .text._ZN8std_msgs4Time7getTypeEv
                0x0000000008001d34       0x1c ./Core/Src/ROS_mainpp.o
                0x0000000008001d34                std_msgs::Time::getType()
 .text._ZN8std_msgs4Time6getMD5Ev
                0x0000000008001d50       0x1c ./Core/Src/ROS_mainpp.o
                0x0000000008001d50                std_msgs::Time::getMD5()
 .text._ZN14rosserial_msgs9TopicInfoC2Ev
                0x0000000008001d6c       0x48 ./Core/Src/ROS_mainpp.o
                0x0000000008001d6c                rosserial_msgs::TopicInfo::TopicInfo()
                0x0000000008001d6c                rosserial_msgs::TopicInfo::TopicInfo()
 .text._ZNK14rosserial_msgs9TopicInfo9serializeEPh
                0x0000000008001db4      0x136 ./Core/Src/ROS_mainpp.o
                0x0000000008001db4                rosserial_msgs::TopicInfo::serialize(unsigned char*) const
 .text._ZN14rosserial_msgs9TopicInfo11deserializeEPh
                0x0000000008001eea      0x1d0 ./Core/Src/ROS_mainpp.o
                0x0000000008001eea                rosserial_msgs::TopicInfo::deserialize(unsigned char*)
 *fill*         0x00000000080020ba        0x2 
 .text._ZN14rosserial_msgs9TopicInfo7getTypeEv
                0x00000000080020bc       0x1c ./Core/Src/ROS_mainpp.o
                0x00000000080020bc                rosserial_msgs::TopicInfo::getType()
 .text._ZN14rosserial_msgs9TopicInfo6getMD5Ev
                0x00000000080020d8       0x1c ./Core/Src/ROS_mainpp.o
                0x00000000080020d8                rosserial_msgs::TopicInfo::getMD5()
 .text._ZN14rosserial_msgs3LogC2Ev
                0x00000000080020f4       0x34 ./Core/Src/ROS_mainpp.o
                0x00000000080020f4                rosserial_msgs::Log::Log()
                0x00000000080020f4                rosserial_msgs::Log::Log()
 .text._ZNK14rosserial_msgs3Log9serializeEPh
                0x0000000008002128       0x64 ./Core/Src/ROS_mainpp.o
                0x0000000008002128                rosserial_msgs::Log::serialize(unsigned char*) const
 .text._ZN14rosserial_msgs3Log11deserializeEPh
                0x000000000800218c       0x90 ./Core/Src/ROS_mainpp.o
                0x000000000800218c                rosserial_msgs::Log::deserialize(unsigned char*)
 .text._ZN14rosserial_msgs3Log7getTypeEv
                0x000000000800221c       0x1c ./Core/Src/ROS_mainpp.o
                0x000000000800221c                rosserial_msgs::Log::getType()
 .text._ZN14rosserial_msgs3Log6getMD5Ev
                0x0000000008002238       0x1c ./Core/Src/ROS_mainpp.o
                0x0000000008002238                rosserial_msgs::Log::getMD5()
 .text._ZN14rosserial_msgs20RequestParamResponseC2Ev
                0x0000000008002254       0x48 ./Core/Src/ROS_mainpp.o
                0x0000000008002254                rosserial_msgs::RequestParamResponse::RequestParamResponse()
                0x0000000008002254                rosserial_msgs::RequestParamResponse::RequestParamResponse()
 .text._ZNK14rosserial_msgs20RequestParamResponse9serializeEPh
                0x000000000800229c      0x222 ./Core/Src/ROS_mainpp.o
                0x000000000800229c                rosserial_msgs::RequestParamResponse::serialize(unsigned char*) const
 .text._ZN14rosserial_msgs20RequestParamResponse11deserializeEPh
                0x00000000080024be      0x2e2 ./Core/Src/ROS_mainpp.o
                0x00000000080024be                rosserial_msgs::RequestParamResponse::deserialize(unsigned char*)
 .text._ZN14rosserial_msgs20RequestParamResponse7getTypeEv
                0x00000000080027a0       0x1c ./Core/Src/ROS_mainpp.o
                0x00000000080027a0                rosserial_msgs::RequestParamResponse::getType()
 .text._ZN14rosserial_msgs20RequestParamResponse6getMD5Ev
                0x00000000080027bc       0x1c ./Core/Src/ROS_mainpp.o
                0x00000000080027bc                rosserial_msgs::RequestParamResponse::getMD5()
 .text._ZN3ros9PublisherC2EPKcPNS_3MsgEi
                0x00000000080027d8       0x2e ./Core/Src/ROS_mainpp.o
                0x00000000080027d8                ros::Publisher::Publisher(char const*, ros::Msg*, int)
                0x00000000080027d8                ros::Publisher::Publisher(char const*, ros::Msg*, int)
 .text._ZN3ros9Publisher7publishEPKNS_3MsgE
                0x0000000008002806       0x28 ./Core/Src/ROS_mainpp.o
                0x0000000008002806                ros::Publisher::publish(ros::Msg const*)
 .text._ZN3ros9Publisher15getEndpointTypeEv
                0x000000000800282e       0x18 ./Core/Src/ROS_mainpp.o
                0x000000000800282e                ros::Publisher::getEndpointType()
 *fill*         0x0000000008002846        0x2 
 .text._ZN13STM32Hardware10getRdmaIndEv
                0x0000000008002848      0x15c ./Core/Src/ROS_mainpp.o
                0x0000000008002848                STM32Hardware::getRdmaInd()
 .text._ZN13STM32HardwareC2Ev
                0x00000000080029a4       0x38 ./Core/Src/ROS_mainpp.o
                0x00000000080029a4                STM32Hardware::STM32Hardware()
                0x00000000080029a4                STM32Hardware::STM32Hardware()
 .text._ZN13STM32Hardware4initEv
                0x00000000080029dc       0x16 ./Core/Src/ROS_mainpp.o
                0x00000000080029dc                STM32Hardware::init()
 .text._ZN13STM32Hardware10reset_rbufEv
                0x00000000080029f2       0x22 ./Core/Src/ROS_mainpp.o
                0x00000000080029f2                STM32Hardware::reset_rbuf()
 .text._ZN13STM32Hardware4readEv
                0x0000000008002a14       0x5a ./Core/Src/ROS_mainpp.o
                0x0000000008002a14                STM32Hardware::read()
 *fill*         0x0000000008002a6e        0x2 
 .text._ZN13STM32Hardware5flushEv
                0x0000000008002a70       0xb8 ./Core/Src/ROS_mainpp.o
                0x0000000008002a70                STM32Hardware::flush()
 .text._ZN13STM32Hardware5writeEPhi
                0x0000000008002b28       0x8c ./Core/Src/ROS_mainpp.o
                0x0000000008002b28                STM32Hardware::write(unsigned char*, int)
 .text._ZN13STM32Hardware4timeEv
                0x0000000008002bb4       0x16 ./Core/Src/ROS_mainpp.o
                0x0000000008002bb4                STM32Hardware::time()
 *fill*         0x0000000008002bca        0x2 
 .text._ZN3ROS10GoalVel_CBERKN13geometry_msgs5TwistE
                0x0000000008002bcc       0x38 ./Core/Src/ROS_mainpp.o
                0x0000000008002bcc                ROS::GoalVel_CB(geometry_msgs::Twist const&)
 .text._ZN3ROS5setupEv
                0x0000000008002c04       0x34 ./Core/Src/ROS_mainpp.o
                0x0000000008002c04                ROS::setup()
 .text._ZN3ROS4loopEv
                0x0000000008002c38       0x14 ./Core/Src/ROS_mainpp.o
                0x0000000008002c38                ROS::loop()
 .text._ZN3ROS10PubCarVnowEv
                0x0000000008002c4c       0x64 ./Core/Src/ROS_mainpp.o
                0x0000000008002c4c                ROS::PubCarVnow()
 .text.HAL_UART_TxCpltCallback
                0x0000000008002cb0       0x24 ./Core/Src/ROS_mainpp.o
                0x0000000008002cb0                HAL_UART_TxCpltCallback
 .text.HAL_UART_RxCpltCallback
                0x0000000008002cd4       0x24 ./Core/Src/ROS_mainpp.o
                0x0000000008002cd4                HAL_UART_RxCpltCallback
 .text._ZN3ros3Msg8varToArrIPhmEEvT_T0_
                0x0000000008002cf8       0x3c ./Core/Src/ROS_mainpp.o
                0x0000000008002cf8                void ros::Msg::varToArr<unsigned char*, unsigned long>(unsigned char*, unsigned long)
 .text._ZN3ros3Msg8arrToVarImPhEEvRT_T0_
                0x0000000008002d34       0x4a ./Core/Src/ROS_mainpp.o
                0x0000000008002d34                void ros::Msg::arrToVar<unsigned long, unsigned char*>(unsigned long&, unsigned char*)
 *fill*         0x0000000008002d7e        0x2 
 .text._ZN3ros15NodeHandleBase_C2Ev
                0x0000000008002d80       0x20 ./Core/Src/ROS_mainpp.o
                0x0000000008002d80                ros::NodeHandleBase_::NodeHandleBase_()
                0x0000000008002d80                ros::NodeHandleBase_::NodeHandleBase_()
 .text._ZN3ros11NodeHandle_I13STM32HardwareLi25ELi25ELi512ELi512EEC2Ev
                0x0000000008002da0      0x100 ./Core/Src/ROS_mainpp.o
                0x0000000008002da0                ros::NodeHandle_<STM32Hardware, 25, 25, 512, 512>::NodeHandle_()
                0x0000000008002da0                ros::NodeHandle_<STM32Hardware, 25, 25, 512, 512>::NodeHandle_()
 .text._ZN3ros11Subscriber_C2Ev
                0x0000000008002ea0       0x20 ./Core/Src/ROS_mainpp.o
                0x0000000008002ea0                ros::Subscriber_::Subscriber_()
                0x0000000008002ea0                ros::Subscriber_::Subscriber_()
 .text._ZN3ros10SubscriberIN13geometry_msgs5TwistEvEC2EPKcPFvRKS2_Ei
                0x0000000008002ec0       0x48 ./Core/Src/ROS_mainpp.o
                0x0000000008002ec0                ros::Subscriber<geometry_msgs::Twist, void>::Subscriber(char const*, void (*)(geometry_msgs::Twist const&), int)
                0x0000000008002ec0                ros::Subscriber<geometry_msgs::Twist, void>::Subscriber(char const*, void (*)(geometry_msgs::Twist const&), int)
 .text._ZN3ros11NodeHandle_I13STM32HardwareLi25ELi25ELi512ELi512EE8initNodeEv
                0x0000000008002f08       0x3a ./Core/Src/ROS_mainpp.o
                0x0000000008002f08                ros::NodeHandle_<STM32Hardware, 25, 25, 512, 512>::initNode()
 .text._ZN3ros11NodeHandle_I13STM32HardwareLi25ELi25ELi512ELi512EE9subscribeINS_10SubscriberIN13geometry_msgs5TwistEvEEEEbRT_
                0x0000000008002f42       0x56 ./Core/Src/ROS_mainpp.o
                0x0000000008002f42                bool ros::NodeHandle_<STM32Hardware, 25, 25, 512, 512>::subscribe<ros::Subscriber<geometry_msgs::Twist, void> >(ros::Subscriber<geometry_msgs::Twist, void>&)
 .text._ZN3ros11NodeHandle_I13STM32HardwareLi25ELi25ELi512ELi512EE9advertiseERNS_9PublisherE
                0x0000000008002f98       0x60 ./Core/Src/ROS_mainpp.o
                0x0000000008002f98                ros::NodeHandle_<STM32Hardware, 25, 25, 512, 512>::advertise(ros::Publisher&)
 .text._ZN3ros11NodeHandle_I13STM32HardwareLi25ELi25ELi512ELi512EE8spinOnceEv
                0x0000000008002ff8      0x3b2 ./Core/Src/ROS_mainpp.o
                0x0000000008002ff8                ros::NodeHandle_<STM32Hardware, 25, 25, 512, 512>::spinOnce()
 .text._ZN3ros11NodeHandle_I13STM32HardwareLi25ELi25ELi512ELi512EE11getHardwareEv
                0x00000000080033aa       0x18 ./Core/Src/ROS_mainpp.o
                0x00000000080033aa                ros::NodeHandle_<STM32Hardware, 25, 25, 512, 512>::getHardware()
 .text._ZN3ros11NodeHandle_I13STM32HardwareLi25ELi25ELi512ELi512EE15requestSyncTimeEv
                0x00000000080033c2       0x3c ./Core/Src/ROS_mainpp.o
                0x00000000080033c2                ros::NodeHandle_<STM32Hardware, 25, 25, 512, 512>::requestSyncTime()
 .text._ZN3ros11NodeHandle_I13STM32HardwareLi25ELi25ELi512ELi512EE15negotiateTopicsEv
                0x00000000080033fe      0x1be ./Core/Src/ROS_mainpp.o
                0x00000000080033fe                ros::NodeHandle_<STM32Hardware, 25, 25, 512, 512>::negotiateTopics()
 .text._ZN3ros11NodeHandle_I13STM32HardwareLi25ELi25ELi512ELi512EE8syncTimeEPh
                0x00000000080035bc       0x98 ./Core/Src/ROS_mainpp.o
                0x00000000080035bc                ros::NodeHandle_<STM32Hardware, 25, 25, 512, 512>::syncTime(unsigned char*)
 .text._ZN3ros11NodeHandle_I13STM32HardwareLi25ELi25ELi512ELi512EE7publishEiPKNS_3MsgE
                0x0000000008003654      0x128 ./Core/Src/ROS_mainpp.o
                0x0000000008003654                ros::NodeHandle_<STM32Hardware, 25, 25, 512, 512>::publish(int, ros::Msg const*)
 .text._ZN3ros11NodeHandle_I13STM32HardwareLi25ELi25ELi512ELi512EE6setNowERNS_4TimeE
                0x000000000800377c       0x80 ./Core/Src/ROS_mainpp.o
                0x000000000800377c                ros::NodeHandle_<STM32Hardware, 25, 25, 512, 512>::setNow(ros::Time&)
 .text._ZN3ros11NodeHandle_I13STM32HardwareLi25ELi25ELi512ELi512EE8logerrorEPKc
                0x00000000080037fc       0x1c ./Core/Src/ROS_mainpp.o
                0x00000000080037fc                ros::NodeHandle_<STM32Hardware, 25, 25, 512, 512>::logerror(char const*)
 .text._ZN3ros11NodeHandle_I13STM32HardwareLi25ELi25ELi512ELi512EE3logEcPKc
                0x0000000008003818       0x38 ./Core/Src/ROS_mainpp.o
                0x0000000008003818                ros::NodeHandle_<STM32Hardware, 25, 25, 512, 512>::log(char, char const*)
 .text._Z41__static_initialization_and_destruction_0ii
                0x0000000008003850       0x64 ./Core/Src/ROS_mainpp.o
 .text._ZN3ros10SubscriberIN13geometry_msgs5TwistEvE8callbackEPh
                0x00000000080038b4       0x2a ./Core/Src/ROS_mainpp.o
                0x00000000080038b4                ros::Subscriber<geometry_msgs::Twist, void>::callback(unsigned char*)
 .text._ZN3ros10SubscriberIN13geometry_msgs5TwistEvE15getEndpointTypeEv
                0x00000000080038de       0x18 ./Core/Src/ROS_mainpp.o
                0x00000000080038de                ros::Subscriber<geometry_msgs::Twist, void>::getEndpointType()
 .text._ZN3ros10SubscriberIN13geometry_msgs5TwistEvE10getMsgTypeEv
                0x00000000080038f6       0x1c ./Core/Src/ROS_mainpp.o
                0x00000000080038f6                ros::Subscriber<geometry_msgs::Twist, void>::getMsgType()
 .text._ZN3ros10SubscriberIN13geometry_msgs5TwistEvE9getMsgMD5Ev
                0x0000000008003912       0x1c ./Core/Src/ROS_mainpp.o
                0x0000000008003912                ros::Subscriber<geometry_msgs::Twist, void>::getMsgMD5()
 .text._ZN3ros11NodeHandle_I13STM32HardwareLi25ELi25ELi512ELi512EE9connectedEv
                0x000000000800392e       0x1a ./Core/Src/ROS_mainpp.o
                0x000000000800392e                ros::NodeHandle_<STM32Hardware, 25, 25, 512, 512>::connected()
 .text._GLOBAL__sub_I_nh
                0x0000000008003948       0x10 ./Core/Src/ROS_mainpp.o
 .text.HAL_TIM_PeriodElapsedCallback
                0x0000000008003958       0x80 ./Core/Src/function.o
                0x0000000008003958                HAL_TIM_PeriodElapsedCallback
 .text.main     0x00000000080039d8       0x42 ./Core/Src/main.o
                0x00000000080039d8                main
 *fill*         0x0000000008003a1a        0x2 
 .text.SystemClock_Config
                0x0000000008003a1c       0xe0 ./Core/Src/main.o
                0x0000000008003a1c                SystemClock_Config
 .text.MX_TIM2_Init
                0x0000000008003afc       0xa8 ./Core/Src/main.o
 .text.MX_TIM3_Init
                0x0000000008003ba4       0xac ./Core/Src/main.o
 .text.MX_TIM4_Init
                0x0000000008003c50       0xac ./Core/Src/main.o
 .text.MX_TIM5_Init
                0x0000000008003cfc       0xac ./Core/Src/main.o
 .text.MX_TIM7_Init
                0x0000000008003da8       0x6c ./Core/Src/main.o
 .text.MX_TIM8_Init
                0x0000000008003e14      0x124 ./Core/Src/main.o
 .text.MX_TIM12_Init
                0x0000000008003f38       0xa0 ./Core/Src/main.o
 .text.MX_TIM13_Init
                0x0000000008003fd8       0x48 ./Core/Src/main.o
 .text.MX_TIM15_Init
                0x0000000008004020      0x124 ./Core/Src/main.o
 .text.MX_USART1_UART_Init
                0x0000000008004144       0xa8 ./Core/Src/main.o
 .text.MX_DMA_Init
                0x00000000080041ec       0x50 ./Core/Src/main.o
 .text.MX_GPIO_Init
                0x000000000800423c      0x18c ./Core/Src/main.o
 .text.Error_Handler
                0x00000000080043c8        0xa ./Core/Src/main.o
                0x00000000080043c8                Error_Handler
 *fill*         0x00000000080043d2        0x2 
 .text.main_function
                0x00000000080043d4       0x20 ./Core/Src/mainpp.o
                0x00000000080043d4                main_function
 .text.HAL_MspInit
                0x00000000080043f4       0x34 ./Core/Src/stm32h7xx_hal_msp.o
                0x00000000080043f4                HAL_MspInit
 .text.HAL_TIM_Encoder_MspInit
                0x0000000008004428      0x21c ./Core/Src/stm32h7xx_hal_msp.o
                0x0000000008004428                HAL_TIM_Encoder_MspInit
 .text.HAL_TIM_Base_MspInit
                0x0000000008004644       0x90 ./Core/Src/stm32h7xx_hal_msp.o
                0x0000000008004644                HAL_TIM_Base_MspInit
 .text.HAL_TIM_PWM_MspInit
                0x00000000080046d4       0xac ./Core/Src/stm32h7xx_hal_msp.o
                0x00000000080046d4                HAL_TIM_PWM_MspInit
 .text.HAL_TIM_MspPostInit
                0x0000000008004780      0x11c ./Core/Src/stm32h7xx_hal_msp.o
                0x0000000008004780                HAL_TIM_MspPostInit
 .text.HAL_UART_MspInit
                0x000000000800489c      0x1a4 ./Core/Src/stm32h7xx_hal_msp.o
                0x000000000800489c                HAL_UART_MspInit
 .text.NMI_Handler
                0x0000000008004a40        0x6 ./Core/Src/stm32h7xx_it.o
                0x0000000008004a40                NMI_Handler
 .text.HardFault_Handler
                0x0000000008004a46        0x6 ./Core/Src/stm32h7xx_it.o
                0x0000000008004a46                HardFault_Handler
 .text.MemManage_Handler
                0x0000000008004a4c        0x6 ./Core/Src/stm32h7xx_it.o
                0x0000000008004a4c                MemManage_Handler
 .text.BusFault_Handler
                0x0000000008004a52        0x6 ./Core/Src/stm32h7xx_it.o
                0x0000000008004a52                BusFault_Handler
 .text.UsageFault_Handler
                0x0000000008004a58        0x6 ./Core/Src/stm32h7xx_it.o
                0x0000000008004a58                UsageFault_Handler
 .text.SVC_Handler
                0x0000000008004a5e        0xe ./Core/Src/stm32h7xx_it.o
                0x0000000008004a5e                SVC_Handler
 .text.DebugMon_Handler
                0x0000000008004a6c        0xe ./Core/Src/stm32h7xx_it.o
                0x0000000008004a6c                DebugMon_Handler
 .text.PendSV_Handler
                0x0000000008004a7a        0xe ./Core/Src/stm32h7xx_it.o
                0x0000000008004a7a                PendSV_Handler
 .text.SysTick_Handler
                0x0000000008004a88        0xc ./Core/Src/stm32h7xx_it.o
                0x0000000008004a88                SysTick_Handler
 .text.DMA1_Stream0_IRQHandler
                0x0000000008004a94       0x14 ./Core/Src/stm32h7xx_it.o
                0x0000000008004a94                DMA1_Stream0_IRQHandler
 .text.DMA1_Stream1_IRQHandler
                0x0000000008004aa8       0x14 ./Core/Src/stm32h7xx_it.o
                0x0000000008004aa8                DMA1_Stream1_IRQHandler
 .text.USART1_IRQHandler
                0x0000000008004abc       0x14 ./Core/Src/stm32h7xx_it.o
                0x0000000008004abc                USART1_IRQHandler
 .text.TIM8_UP_TIM13_IRQHandler
                0x0000000008004ad0       0x1c ./Core/Src/stm32h7xx_it.o
                0x0000000008004ad0                TIM8_UP_TIM13_IRQHandler
 .text.TIM7_IRQHandler
                0x0000000008004aec       0x14 ./Core/Src/stm32h7xx_it.o
                0x0000000008004aec                TIM7_IRQHandler
 .text._getpid  0x0000000008004b00       0x10 ./Core/Src/syscalls.o
                0x0000000008004b00                _getpid
 .text._kill    0x0000000008004b10       0x20 ./Core/Src/syscalls.o
                0x0000000008004b10                _kill
 .text._exit    0x0000000008004b30       0x14 ./Core/Src/syscalls.o
                0x0000000008004b30                _exit
 .text._sbrk    0x0000000008004b44       0x6c ./Core/Src/sysmem.o
                0x0000000008004b44                _sbrk
 .text.SystemInit
                0x0000000008004bb0       0xf0 ./Core/Src/system_stm32h7xx.o
                0x0000000008004bb0                SystemInit
 .text.Reset_Handler
                0x0000000008004ca0       0x50 ./Core/Startup/startup_stm32h723zgtx.o
                0x0000000008004ca0                Reset_Handler
 .text.Default_Handler
                0x0000000008004cf0        0x2 ./Core/Startup/startup_stm32h723zgtx.o
                0x0000000008004cf0                RTC_Alarm_IRQHandler
                0x0000000008004cf0                EXTI2_IRQHandler
                0x0000000008004cf0                TIM8_CC_IRQHandler
                0x0000000008004cf0                UART8_IRQHandler
                0x0000000008004cf0                SPI4_IRQHandler
                0x0000000008004cf0                FDCAN3_IT0_IRQHandler
                0x0000000008004cf0                TIM1_CC_IRQHandler
                0x0000000008004cf0                BDMA_Channel6_IRQHandler
                0x0000000008004cf0                DMA2_Stream5_IRQHandler
                0x0000000008004cf0                DMA1_Stream5_IRQHandler
                0x0000000008004cf0                CORDIC_IRQHandler
                0x0000000008004cf0                BDMA_Channel1_IRQHandler
                0x0000000008004cf0                TAMP_STAMP_IRQHandler
                0x0000000008004cf0                EXTI3_IRQHandler
                0x0000000008004cf0                LPTIM4_IRQHandler
                0x0000000008004cf0                TIM8_TRG_COM_TIM14_IRQHandler
                0x0000000008004cf0                LPTIM2_IRQHandler
                0x0000000008004cf0                DFSDM1_FLT1_IRQHandler
                0x0000000008004cf0                DMAMUX2_OVR_IRQHandler
                0x0000000008004cf0                I2C3_ER_IRQHandler
                0x0000000008004cf0                DFSDM1_FLT2_IRQHandler
                0x0000000008004cf0                I2C5_EV_IRQHandler
                0x0000000008004cf0                USART10_IRQHandler
                0x0000000008004cf0                MDMA_IRQHandler
                0x0000000008004cf0                LPTIM3_IRQHandler
                0x0000000008004cf0                HSEM1_IRQHandler
                0x0000000008004cf0                EXTI0_IRQHandler
                0x0000000008004cf0                I2C2_EV_IRQHandler
                0x0000000008004cf0                DMA1_Stream2_IRQHandler
                0x0000000008004cf0                FPU_IRQHandler
                0x0000000008004cf0                OTG_HS_WKUP_IRQHandler
                0x0000000008004cf0                FDCAN1_IT1_IRQHandler
                0x0000000008004cf0                LTDC_ER_IRQHandler
                0x0000000008004cf0                DMA2_Stream2_IRQHandler
                0x0000000008004cf0                SPI1_IRQHandler
                0x0000000008004cf0                OCTOSPI1_IRQHandler
                0x0000000008004cf0                TIM6_DAC_IRQHandler
                0x0000000008004cf0                DMA2_Stream3_IRQHandler
                0x0000000008004cf0                OCTOSPI2_IRQHandler
                0x0000000008004cf0                DFSDM1_FLT3_IRQHandler
                0x0000000008004cf0                TIM23_IRQHandler
                0x0000000008004cf0                USART6_IRQHandler
                0x0000000008004cf0                TIM17_IRQHandler
                0x0000000008004cf0                USART3_IRQHandler
                0x0000000008004cf0                BDMA_Channel7_IRQHandler
                0x0000000008004cf0                LPTIM5_IRQHandler
                0x0000000008004cf0                UART5_IRQHandler
                0x0000000008004cf0                ADC3_IRQHandler
                0x0000000008004cf0                DMA2_Stream0_IRQHandler
                0x0000000008004cf0                TIM4_IRQHandler
                0x0000000008004cf0                BDMA_Channel2_IRQHandler
                0x0000000008004cf0                I2C1_EV_IRQHandler
                0x0000000008004cf0                DMA1_Stream6_IRQHandler
                0x0000000008004cf0                DMAMUX1_OVR_IRQHandler
                0x0000000008004cf0                TIM16_IRQHandler
                0x0000000008004cf0                UART4_IRQHandler
                0x0000000008004cf0                BDMA_Channel5_IRQHandler
                0x0000000008004cf0                TIM3_IRQHandler
                0x0000000008004cf0                RCC_IRQHandler
                0x0000000008004cf0                UART9_IRQHandler
                0x0000000008004cf0                TIM8_BRK_TIM12_IRQHandler
                0x0000000008004cf0                TIM1_TRG_COM_IRQHandler
                0x0000000008004cf0                Default_Handler
                0x0000000008004cf0                ECC_IRQHandler
                0x0000000008004cf0                FMAC_IRQHandler
                0x0000000008004cf0                CEC_IRQHandler
                0x0000000008004cf0                EXTI15_10_IRQHandler
                0x0000000008004cf0                BDMA_Channel0_IRQHandler
                0x0000000008004cf0                ADC_IRQHandler
                0x0000000008004cf0                I2C5_ER_IRQHandler
                0x0000000008004cf0                DMA1_Stream7_IRQHandler
                0x0000000008004cf0                SPI5_IRQHandler
                0x0000000008004cf0                FDCAN3_IT1_IRQHandler
                0x0000000008004cf0                SDMMC1_IRQHandler
                0x0000000008004cf0                TIM5_IRQHandler
                0x0000000008004cf0                DMA2_Stream7_IRQHandler
                0x0000000008004cf0                TIM15_IRQHandler
                0x0000000008004cf0                PVD_AVD_IRQHandler
                0x0000000008004cf0                I2C3_EV_IRQHandler
                0x0000000008004cf0                EXTI9_5_IRQHandler
                0x0000000008004cf0                RTC_WKUP_IRQHandler
                0x0000000008004cf0                LTDC_IRQHandler
                0x0000000008004cf0                ETH_WKUP_IRQHandler
                0x0000000008004cf0                SPDIF_RX_IRQHandler
                0x0000000008004cf0                SPI2_IRQHandler
                0x0000000008004cf0                OTG_HS_EP1_IN_IRQHandler
                0x0000000008004cf0                TIM24_IRQHandler
                0x0000000008004cf0                CRS_IRQHandler
                0x0000000008004cf0                EXTI4_IRQHandler
                0x0000000008004cf0                RNG_IRQHandler
                0x0000000008004cf0                FDCAN2_IT1_IRQHandler
                0x0000000008004cf0                ETH_IRQHandler
                0x0000000008004cf0                TIM1_UP_IRQHandler
                0x0000000008004cf0                BDMA_Channel4_IRQHandler
                0x0000000008004cf0                OTG_HS_EP1_OUT_IRQHandler
                0x0000000008004cf0                WWDG_IRQHandler
                0x0000000008004cf0                SPI6_IRQHandler
                0x0000000008004cf0                MDIOS_IRQHandler
                0x0000000008004cf0                I2C4_EV_IRQHandler
                0x0000000008004cf0                FDCAN2_IT0_IRQHandler
                0x0000000008004cf0                LPUART1_IRQHandler
                0x0000000008004cf0                FDCAN1_IT0_IRQHandler
                0x0000000008004cf0                TIM2_IRQHandler
                0x0000000008004cf0                OTG_HS_IRQHandler
                0x0000000008004cf0                DMA2D_IRQHandler
                0x0000000008004cf0                TIM1_BRK_IRQHandler
                0x0000000008004cf0                EXTI1_IRQHandler
                0x0000000008004cf0                SDMMC2_IRQHandler
                0x0000000008004cf0                BDMA_Channel3_IRQHandler
                0x0000000008004cf0                DTS_IRQHandler
                0x0000000008004cf0                UART7_IRQHandler
                0x0000000008004cf0                MDIOS_WKUP_IRQHandler
                0x0000000008004cf0                USART2_IRQHandler
                0x0000000008004cf0                DFSDM1_FLT0_IRQHandler
                0x0000000008004cf0                SAI4_IRQHandler
                0x0000000008004cf0                I2C2_ER_IRQHandler
                0x0000000008004cf0                DMA2_Stream1_IRQHandler
                0x0000000008004cf0                FLASH_IRQHandler
                0x0000000008004cf0                DMA2_Stream4_IRQHandler
                0x0000000008004cf0                SPI3_IRQHandler
                0x0000000008004cf0                WAKEUP_PIN_IRQHandler
                0x0000000008004cf0                DMA1_Stream4_IRQHandler
                0x0000000008004cf0                I2C1_ER_IRQHandler
                0x0000000008004cf0                FMC_IRQHandler
                0x0000000008004cf0                FDCAN_CAL_IRQHandler
                0x0000000008004cf0                SWPMI1_IRQHandler
                0x0000000008004cf0                COMP1_IRQHandler
                0x0000000008004cf0                LPTIM1_IRQHandler
                0x0000000008004cf0                DCMI_PSSI_IRQHandler
                0x0000000008004cf0                I2C4_ER_IRQHandler
                0x0000000008004cf0                DMA2_Stream6_IRQHandler
                0x0000000008004cf0                SAI1_IRQHandler
                0x0000000008004cf0                DMA1_Stream3_IRQHandler
 *fill*         0x0000000008004cf2        0x2 
 .text.HAL_Init
                0x0000000008004cf4       0x78 ./Drivers/STM32H7xx_HAL_Driver/Src/stm32h7xx_hal.o
                0x0000000008004cf4                HAL_Init
 .text.HAL_InitTick
                0x0000000008004d6c       0x6c ./Drivers/STM32H7xx_HAL_Driver/Src/stm32h7xx_hal.o
                0x0000000008004d6c                HAL_InitTick
 .text.HAL_IncTick
                0x0000000008004dd8       0x28 ./Drivers/STM32H7xx_HAL_Driver/Src/stm32h7xx_hal.o
                0x0000000008004dd8                HAL_IncTick
 .text.HAL_GetTick
                0x0000000008004e00       0x18 ./Drivers/STM32H7xx_HAL_Driver/Src/stm32h7xx_hal.o
                0x0000000008004e00                HAL_GetTick
 .text.__NVIC_SetPriorityGrouping
                0x0000000008004e18       0x48 ./Drivers/STM32H7xx_HAL_Driver/Src/stm32h7xx_hal_cortex.o
 .text.__NVIC_GetPriorityGrouping
                0x0000000008004e60       0x1c ./Drivers/STM32H7xx_HAL_Driver/Src/stm32h7xx_hal_cortex.o
 .text.__NVIC_EnableIRQ
                0x0000000008004e7c       0x3c ./Drivers/STM32H7xx_HAL_Driver/Src/stm32h7xx_hal_cortex.o
 .text.__NVIC_SetPriority
                0x0000000008004eb8       0x54 ./Drivers/STM32H7xx_HAL_Driver/Src/stm32h7xx_hal_cortex.o
 .text.NVIC_EncodePriority
                0x0000000008004f0c       0x66 ./Drivers/STM32H7xx_HAL_Driver/Src/stm32h7xx_hal_cortex.o
 *fill*         0x0000000008004f72        0x2 
 .text.SysTick_Config
                0x0000000008004f74       0x44 ./Drivers/STM32H7xx_HAL_Driver/Src/stm32h7xx_hal_cortex.o
 .text.HAL_NVIC_SetPriorityGrouping
                0x0000000008004fb8       0x16 ./Drivers/STM32H7xx_HAL_Driver/Src/stm32h7xx_hal_cortex.o
                0x0000000008004fb8                HAL_NVIC_SetPriorityGrouping
 .text.HAL_NVIC_SetPriority
                0x0000000008004fce       0x34 ./Drivers/STM32H7xx_HAL_Driver/Src/stm32h7xx_hal_cortex.o
                0x0000000008004fce                HAL_NVIC_SetPriority
 .text.HAL_NVIC_EnableIRQ
                0x0000000008005002       0x1c ./Drivers/STM32H7xx_HAL_Driver/Src/stm32h7xx_hal_cortex.o
                0x0000000008005002                HAL_NVIC_EnableIRQ
 .text.HAL_SYSTICK_Config
                0x000000000800501e       0x18 ./Drivers/STM32H7xx_HAL_Driver/Src/stm32h7xx_hal_cortex.o
                0x000000000800501e                HAL_SYSTICK_Config
 *fill*         0x0000000008005036        0x2 
 .text.HAL_DMA_Init
                0x0000000008005038      0x6b4 ./Drivers/STM32H7xx_HAL_Driver/Src/stm32h7xx_hal_dma.o
                0x0000000008005038                HAL_DMA_Init
 .text.HAL_DMA_Start_IT
                0x00000000080056ec      0x4d4 ./Drivers/STM32H7xx_HAL_Driver/Src/stm32h7xx_hal_dma.o
                0x00000000080056ec                HAL_DMA_Start_IT
 .text.HAL_DMA_Abort
                0x0000000008005bc0      0x63c ./Drivers/STM32H7xx_HAL_Driver/Src/stm32h7xx_hal_dma.o
                0x0000000008005bc0                HAL_DMA_Abort
 .text.HAL_DMA_Abort_IT
                0x00000000080061fc      0x48c ./Drivers/STM32H7xx_HAL_Driver/Src/stm32h7xx_hal_dma.o
                0x00000000080061fc                HAL_DMA_Abort_IT
 .text.HAL_DMA_IRQHandler
                0x0000000008006688      0xe54 ./Drivers/STM32H7xx_HAL_Driver/Src/stm32h7xx_hal_dma.o
                0x0000000008006688                HAL_DMA_IRQHandler
 .text.DMA_SetConfig
                0x00000000080074dc      0x358 ./Drivers/STM32H7xx_HAL_Driver/Src/stm32h7xx_hal_dma.o
 .text.DMA_CalcBaseAndBitshift
                0x0000000008007834      0x164 ./Drivers/STM32H7xx_HAL_Driver/Src/stm32h7xx_hal_dma.o
 .text.DMA_CheckFifoParam
                0x0000000008007998       0xf8 ./Drivers/STM32H7xx_HAL_Driver/Src/stm32h7xx_hal_dma.o
 .text.DMA_CalcDMAMUXChannelBaseAndMask
                0x0000000008007a90      0x134 ./Drivers/STM32H7xx_HAL_Driver/Src/stm32h7xx_hal_dma.o
 .text.DMA_CalcDMAMUXRequestGenBaseAndMask
                0x0000000008007bc4       0xe8 ./Drivers/STM32H7xx_HAL_Driver/Src/stm32h7xx_hal_dma.o
 .text.HAL_GPIO_Init
                0x0000000008007cac      0x350 ./Drivers/STM32H7xx_HAL_Driver/Src/stm32h7xx_hal_gpio.o
                0x0000000008007cac                HAL_GPIO_Init
 .text.HAL_GPIO_WritePin
                0x0000000008007ffc       0x32 ./Drivers/STM32H7xx_HAL_Driver/Src/stm32h7xx_hal_gpio.o
                0x0000000008007ffc                HAL_GPIO_WritePin
 *fill*         0x000000000800802e        0x2 
 .text.HAL_PWREx_ConfigSupply
                0x0000000008008030       0x74 ./Drivers/STM32H7xx_HAL_Driver/Src/stm32h7xx_hal_pwr_ex.o
                0x0000000008008030                HAL_PWREx_ConfigSupply
 .text.HAL_RCC_OscConfig
                0x00000000080080a4      0x75c ./Drivers/STM32H7xx_HAL_Driver/Src/stm32h7xx_hal_rcc.o
                0x00000000080080a4                HAL_RCC_OscConfig
 .text.HAL_RCC_ClockConfig
                0x0000000008008800      0x36c ./Drivers/STM32H7xx_HAL_Driver/Src/stm32h7xx_hal_rcc.o
                0x0000000008008800                HAL_RCC_ClockConfig
 .text.HAL_RCC_GetSysClockFreq
                0x0000000008008b6c      0x2f4 ./Drivers/STM32H7xx_HAL_Driver/Src/stm32h7xx_hal_rcc.o
                0x0000000008008b6c                HAL_RCC_GetSysClockFreq
 .text.HAL_RCC_GetHCLKFreq
                0x0000000008008e60       0x60 ./Drivers/STM32H7xx_HAL_Driver/Src/stm32h7xx_hal_rcc.o
                0x0000000008008e60                HAL_RCC_GetHCLKFreq
 .text.HAL_RCC_GetPCLK1Freq
                0x0000000008008ec0       0x2c ./Drivers/STM32H7xx_HAL_Driver/Src/stm32h7xx_hal_rcc.o
                0x0000000008008ec0                HAL_RCC_GetPCLK1Freq
 .text.HAL_RCC_GetPCLK2Freq
                0x0000000008008eec       0x2c ./Drivers/STM32H7xx_HAL_Driver/Src/stm32h7xx_hal_rcc.o
                0x0000000008008eec                HAL_RCC_GetPCLK2Freq
 .text.HAL_RCCEx_PeriphCLKConfig
                0x0000000008008f18      0xdf4 ./Drivers/STM32H7xx_HAL_Driver/Src/stm32h7xx_hal_rcc_ex.o
                0x0000000008008f18                HAL_RCCEx_PeriphCLKConfig
 .text.HAL_RCCEx_GetD3PCLK1Freq
                0x0000000008009d0c       0x2c ./Drivers/STM32H7xx_HAL_Driver/Src/stm32h7xx_hal_rcc_ex.o
                0x0000000008009d0c                HAL_RCCEx_GetD3PCLK1Freq
 .text.HAL_RCCEx_GetPLL2ClockFreq
                0x0000000008009d38      0x2a8 ./Drivers/STM32H7xx_HAL_Driver/Src/stm32h7xx_hal_rcc_ex.o
                0x0000000008009d38                HAL_RCCEx_GetPLL2ClockFreq
 .text.HAL_RCCEx_GetPLL3ClockFreq
                0x0000000008009fe0      0x2a8 ./Drivers/STM32H7xx_HAL_Driver/Src/stm32h7xx_hal_rcc_ex.o
                0x0000000008009fe0                HAL_RCCEx_GetPLL3ClockFreq
 .text.RCCEx_PLL2_Config
                0x000000000800a288      0x164 ./Drivers/STM32H7xx_HAL_Driver/Src/stm32h7xx_hal_rcc_ex.o
 .text.RCCEx_PLL3_Config
                0x000000000800a3ec      0x164 ./Drivers/STM32H7xx_HAL_Driver/Src/stm32h7xx_hal_rcc_ex.o
 .text.HAL_TIM_Base_Init
                0x000000000800a550       0xae ./Drivers/STM32H7xx_HAL_Driver/Src/stm32h7xx_hal_tim.o
                0x000000000800a550                HAL_TIM_Base_Init
 *fill*         0x000000000800a5fe        0x2 
 .text.HAL_TIM_Base_Start_IT
                0x000000000800a600      0x10c ./Drivers/STM32H7xx_HAL_Driver/Src/stm32h7xx_hal_tim.o
                0x000000000800a600                HAL_TIM_Base_Start_IT
 .text.HAL_TIM_PWM_Init
                0x000000000800a70c       0xae ./Drivers/STM32H7xx_HAL_Driver/Src/stm32h7xx_hal_tim.o
                0x000000000800a70c                HAL_TIM_PWM_Init
 *fill*         0x000000000800a7ba        0x2 
 .text.HAL_TIM_PWM_Start
                0x000000000800a7bc      0x238 ./Drivers/STM32H7xx_HAL_Driver/Src/stm32h7xx_hal_tim.o
                0x000000000800a7bc                HAL_TIM_PWM_Start
 .text.HAL_TIM_Encoder_Init
                0x000000000800a9f4      0x14c ./Drivers/STM32H7xx_HAL_Driver/Src/stm32h7xx_hal_tim.o
                0x000000000800a9f4                HAL_TIM_Encoder_Init
 .text.HAL_TIM_Encoder_Start
                0x000000000800ab40      0x11c ./Drivers/STM32H7xx_HAL_Driver/Src/stm32h7xx_hal_tim.o
                0x000000000800ab40                HAL_TIM_Encoder_Start
 .text.HAL_TIM_IRQHandler
                0x000000000800ac5c      0x23e ./Drivers/STM32H7xx_HAL_Driver/Src/stm32h7xx_hal_tim.o
                0x000000000800ac5c                HAL_TIM_IRQHandler
 *fill*         0x000000000800ae9a        0x2 
 .text.HAL_TIM_PWM_ConfigChannel
                0x000000000800ae9c      0x228 ./Drivers/STM32H7xx_HAL_Driver/Src/stm32h7xx_hal_tim.o
                0x000000000800ae9c                HAL_TIM_PWM_ConfigChannel
 .text.HAL_TIM_OC_DelayElapsedCallback
                0x000000000800b0c4       0x14 ./Drivers/STM32H7xx_HAL_Driver/Src/stm32h7xx_hal_tim.o
                0x000000000800b0c4                HAL_TIM_OC_DelayElapsedCallback
 .text.HAL_TIM_IC_CaptureCallback
                0x000000000800b0d8       0x14 ./Drivers/STM32H7xx_HAL_Driver/Src/stm32h7xx_hal_tim.o
                0x000000000800b0d8                HAL_TIM_IC_CaptureCallback
 .text.HAL_TIM_PWM_PulseFinishedCallback
                0x000000000800b0ec       0x14 ./Drivers/STM32H7xx_HAL_Driver/Src/stm32h7xx_hal_tim.o
                0x000000000800b0ec                HAL_TIM_PWM_PulseFinishedCallback
 .text.HAL_TIM_TriggerCallback
                0x000000000800b100       0x14 ./Drivers/STM32H7xx_HAL_Driver/Src/stm32h7xx_hal_tim.o
                0x000000000800b100                HAL_TIM_TriggerCallback
 .text.TIM_Base_SetConfig
                0x000000000800b114      0x14c ./Drivers/STM32H7xx_HAL_Driver/Src/stm32h7xx_hal_tim.o
                0x000000000800b114                TIM_Base_SetConfig
 .text.TIM_OC1_SetConfig
                0x000000000800b260      0x120 ./Drivers/STM32H7xx_HAL_Driver/Src/stm32h7xx_hal_tim.o
 .text.TIM_OC2_SetConfig
                0x000000000800b380      0x114 ./Drivers/STM32H7xx_HAL_Driver/Src/stm32h7xx_hal_tim.o
                0x000000000800b380                TIM_OC2_SetConfig
 .text.TIM_OC3_SetConfig
                0x000000000800b494      0x110 ./Drivers/STM32H7xx_HAL_Driver/Src/stm32h7xx_hal_tim.o
 .text.TIM_OC4_SetConfig
                0x000000000800b5a4       0xd4 ./Drivers/STM32H7xx_HAL_Driver/Src/stm32h7xx_hal_tim.o
 .text.TIM_OC5_SetConfig
                0x000000000800b678       0xc8 ./Drivers/STM32H7xx_HAL_Driver/Src/stm32h7xx_hal_tim.o
 .text.TIM_OC6_SetConfig
                0x000000000800b740       0xcc ./Drivers/STM32H7xx_HAL_Driver/Src/stm32h7xx_hal_tim.o
 .text.TIM_CCxChannelCmd
                0x000000000800b80c       0x4a ./Drivers/STM32H7xx_HAL_Driver/Src/stm32h7xx_hal_tim.o
                0x000000000800b80c                TIM_CCxChannelCmd
 *fill*         0x000000000800b856        0x2 
 .text.HAL_TIMEx_MasterConfigSynchronization
                0x000000000800b858      0x138 ./Drivers/STM32H7xx_HAL_Driver/Src/stm32h7xx_hal_tim_ex.o
                0x000000000800b858                HAL_TIMEx_MasterConfigSynchronization
 .text.HAL_TIMEx_ConfigBreakDeadTime
                0x000000000800b990      0x140 ./Drivers/STM32H7xx_HAL_Driver/Src/stm32h7xx_hal_tim_ex.o
                0x000000000800b990                HAL_TIMEx_ConfigBreakDeadTime
 .text.HAL_TIMEx_CommutCallback
                0x000000000800bad0       0x14 ./Drivers/STM32H7xx_HAL_Driver/Src/stm32h7xx_hal_tim_ex.o
                0x000000000800bad0                HAL_TIMEx_CommutCallback
 .text.HAL_TIMEx_BreakCallback
                0x000000000800bae4       0x14 ./Drivers/STM32H7xx_HAL_Driver/Src/stm32h7xx_hal_tim_ex.o
                0x000000000800bae4                HAL_TIMEx_BreakCallback
 .text.HAL_TIMEx_Break2Callback
                0x000000000800baf8       0x14 ./Drivers/STM32H7xx_HAL_Driver/Src/stm32h7xx_hal_tim_ex.o
                0x000000000800baf8                HAL_TIMEx_Break2Callback
 .text.HAL_UART_Init
                0x000000000800bb0c       0xa0 ./Drivers/STM32H7xx_HAL_Driver/Src/stm32h7xx_hal_uart.o
                0x000000000800bb0c                HAL_UART_Init
 .text.HAL_UART_Transmit_DMA
                0x000000000800bbac      0x124 ./Drivers/STM32H7xx_HAL_Driver/Src/stm32h7xx_hal_uart.o
                0x000000000800bbac                HAL_UART_Transmit_DMA
 .text.HAL_UART_Receive_DMA
                0x000000000800bcd0       0xac ./Drivers/STM32H7xx_HAL_Driver/Src/stm32h7xx_hal_uart.o
                0x000000000800bcd0                HAL_UART_Receive_DMA
 .text.HAL_UART_IRQHandler
                0x000000000800bd7c      0x73c ./Drivers/STM32H7xx_HAL_Driver/Src/stm32h7xx_hal_uart.o
                0x000000000800bd7c                HAL_UART_IRQHandler
 .text.HAL_UART_TxHalfCpltCallback
                0x000000000800c4b8       0x14 ./Drivers/STM32H7xx_HAL_Driver/Src/stm32h7xx_hal_uart.o
                0x000000000800c4b8                HAL_UART_TxHalfCpltCallback
 .text.HAL_UART_RxHalfCpltCallback
                0x000000000800c4cc       0x14 ./Drivers/STM32H7xx_HAL_Driver/Src/stm32h7xx_hal_uart.o
                0x000000000800c4cc                HAL_UART_RxHalfCpltCallback
 .text.HAL_UART_ErrorCallback
                0x000000000800c4e0       0x14 ./Drivers/STM32H7xx_HAL_Driver/Src/stm32h7xx_hal_uart.o
                0x000000000800c4e0                HAL_UART_ErrorCallback
 .text.HAL_UARTEx_RxEventCallback
                0x000000000800c4f4       0x18 ./Drivers/STM32H7xx_HAL_Driver/Src/stm32h7xx_hal_uart.o
                0x000000000800c4f4                HAL_UARTEx_RxEventCallback
 .text.UART_SetConfig
                0x000000000800c50c      0xcd8 ./Drivers/STM32H7xx_HAL_Driver/Src/stm32h7xx_hal_uart.o
                0x000000000800c50c                UART_SetConfig
 .text.UART_AdvFeatureConfig
                0x000000000800d1e4      0x144 ./Drivers/STM32H7xx_HAL_Driver/Src/stm32h7xx_hal_uart.o
                0x000000000800d1e4                UART_AdvFeatureConfig
 .text.UART_CheckIdleState
                0x000000000800d328       0x96 ./Drivers/STM32H7xx_HAL_Driver/Src/stm32h7xx_hal_uart.o
                0x000000000800d328                UART_CheckIdleState
 .text.UART_WaitOnFlagUntilTimeout
                0x000000000800d3be      0x190 ./Drivers/STM32H7xx_HAL_Driver/Src/stm32h7xx_hal_uart.o
                0x000000000800d3be                UART_WaitOnFlagUntilTimeout
 *fill*         0x000000000800d54e        0x2 
 .text.UART_Start_Receive_DMA
                0x000000000800d550      0x150 ./Drivers/STM32H7xx_HAL_Driver/Src/stm32h7xx_hal_uart.o
                0x000000000800d550                UART_Start_Receive_DMA
 .text.UART_EndTxTransfer
                0x000000000800d6a0       0x82 ./Drivers/STM32H7xx_HAL_Driver/Src/stm32h7xx_hal_uart.o
 *fill*         0x000000000800d722        0x2 
 .text.UART_EndRxTransfer
                0x000000000800d724       0xcc ./Drivers/STM32H7xx_HAL_Driver/Src/stm32h7xx_hal_uart.o
 .text.UART_DMATransmitCplt
                0x000000000800d7f0       0x96 ./Drivers/STM32H7xx_HAL_Driver/Src/stm32h7xx_hal_uart.o
 .text.UART_DMATxHalfCplt
                0x000000000800d886       0x1c ./Drivers/STM32H7xx_HAL_Driver/Src/stm32h7xx_hal_uart.o
 .text.UART_DMAReceiveCplt
                0x000000000800d8a2      0x122 ./Drivers/STM32H7xx_HAL_Driver/Src/stm32h7xx_hal_uart.o
 .text.UART_DMARxHalfCplt
                0x000000000800d9c4       0x38 ./Drivers/STM32H7xx_HAL_Driver/Src/stm32h7xx_hal_uart.o
 .text.UART_DMAError
                0x000000000800d9fc       0x80 ./Drivers/STM32H7xx_HAL_Driver/Src/stm32h7xx_hal_uart.o
 .text.UART_DMAAbortOnError
                0x000000000800da7c       0x2c ./Drivers/STM32H7xx_HAL_Driver/Src/stm32h7xx_hal_uart.o
 .text.UART_EndTransmit_IT
                0x000000000800daa8       0x56 ./Drivers/STM32H7xx_HAL_Driver/Src/stm32h7xx_hal_uart.o
 .text.HAL_UARTEx_WakeupCallback
                0x000000000800dafe       0x14 ./Drivers/STM32H7xx_HAL_Driver/Src/stm32h7xx_hal_uart_ex.o
                0x000000000800dafe                HAL_UARTEx_WakeupCallback
 .text.HAL_UARTEx_RxFifoFullCallback
                0x000000000800db12       0x14 ./Drivers/STM32H7xx_HAL_Driver/Src/stm32h7xx_hal_uart_ex.o
                0x000000000800db12                HAL_UARTEx_RxFifoFullCallback
 .text.HAL_UARTEx_TxFifoEmptyCallback
                0x000000000800db26       0x14 ./Drivers/STM32H7xx_HAL_Driver/Src/stm32h7xx_hal_uart_ex.o
                0x000000000800db26                HAL_UARTEx_TxFifoEmptyCallback
 .text.HAL_UARTEx_DisableFifoMode
                0x000000000800db3a       0x72 ./Drivers/STM32H7xx_HAL_Driver/Src/stm32h7xx_hal_uart_ex.o
                0x000000000800db3a                HAL_UARTEx_DisableFifoMode
 .text.HAL_UARTEx_SetTxFifoThreshold
                0x000000000800dbac       0x7c ./Drivers/STM32H7xx_HAL_Driver/Src/stm32h7xx_hal_uart_ex.o
                0x000000000800dbac                HAL_UARTEx_SetTxFifoThreshold
 .text.HAL_UARTEx_SetRxFifoThreshold
                0x000000000800dc28       0x7c ./Drivers/STM32H7xx_HAL_Driver/Src/stm32h7xx_hal_uart_ex.o
                0x000000000800dc28                HAL_UARTEx_SetRxFifoThreshold
 .text.UARTEx_SetNbDataToProcess
                0x000000000800dca4       0x9c ./Drivers/STM32H7xx_HAL_Driver/Src/stm32h7xx_hal_uart_ex.o
 .text.__cxa_pure_virtual
                0x000000000800dd40        0x6 /opt/st/stm32cubeide_1.10.1/plugins/com.st.stm32cube.ide.mcu.externaltools.gnu-tools-for-stm32.10.3-2021.10.linux64_1.0.0.202111181127/tools/bin/../lib/gcc/arm-none-eabi/10.3.1/../../../../arm-none-eabi/lib/thumb/v7e-m+dp/hard/libstdc++_nano.a(pure.o)
                0x000000000800dd40                __cxa_pure_virtual
 .text._ZN10__cxxabiv111__terminateEPFvvE
                0x000000000800dd46        0x8 /opt/st/stm32cubeide_1.10.1/plugins/com.st.stm32cube.ide.mcu.externaltools.gnu-tools-for-stm32.10.3-2021.10.linux64_1.0.0.202111181127/tools/bin/../lib/gcc/arm-none-eabi/10.3.1/../../../../arm-none-eabi/lib/thumb/v7e-m+dp/hard/libstdc++_nano.a(eh_terminate.o)
                0x000000000800dd46                __cxxabiv1::__terminate(void (*)())
 *fill*         0x000000000800dd4e        0x2 
 .text._ZSt13get_terminatev
                0x000000000800dd50       0x10 /opt/st/stm32cubeide_1.10.1/plugins/com.st.stm32cube.ide.mcu.externaltools.gnu-tools-for-stm32.10.3-2021.10.linux64_1.0.0.202111181127/tools/bin/../lib/gcc/arm-none-eabi/10.3.1/../../../../arm-none-eabi/lib/thumb/v7e-m+dp/hard/libstdc++_nano.a(eh_terminate.o)
                0x000000000800dd50                std::get_terminate()
 .text._ZSt9terminatev
                0x000000000800dd60        0xa /opt/st/stm32cubeide_1.10.1/plugins/com.st.stm32cube.ide.mcu.externaltools.gnu-tools-for-stm32.10.3-2021.10.linux64_1.0.0.202111181127/tools/bin/../lib/gcc/arm-none-eabi/10.3.1/../../../../arm-none-eabi/lib/thumb/v7e-m+dp/hard/libstdc++_nano.a(eh_terminate.o)
                0x000000000800dd60                std::terminate()
 .text.abort    0x000000000800dd6a        0xe /opt/st/stm32cubeide_1.10.1/plugins/com.st.stm32cube.ide.mcu.externaltools.gnu-tools-for-stm32.10.3-2021.10.linux64_1.0.0.202111181127/tools/bin/../lib/gcc/arm-none-eabi/10.3.1/../../../../arm-none-eabi/lib/thumb/v7e-m+dp/hard/libc_nano.a(lib_a-abort.o)
                0x000000000800dd6a                abort
 .text.__errno  0x000000000800dd78        0xc /opt/st/stm32cubeide_1.10.1/plugins/com.st.stm32cube.ide.mcu.externaltools.gnu-tools-for-stm32.10.3-2021.10.linux64_1.0.0.202111181127/tools/bin/../lib/gcc/arm-none-eabi/10.3.1/../../../../arm-none-eabi/lib/thumb/v7e-m+dp/hard/libc_nano.a(lib_a-errno.o)
                0x000000000800dd78                __errno
 .text.__libc_init_array
                0x000000000800dd84       0x48 /opt/st/stm32cubeide_1.10.1/plugins/com.st.stm32cube.ide.mcu.externaltools.gnu-tools-for-stm32.10.3-2021.10.linux64_1.0.0.202111181127/tools/bin/../lib/gcc/arm-none-eabi/10.3.1/../../../../arm-none-eabi/lib/thumb/v7e-m+dp/hard/libc_nano.a(lib_a-init.o)
                0x000000000800dd84                __libc_init_array
 .text.memcpy   0x000000000800ddcc       0x1c /opt/st/stm32cubeide_1.10.1/plugins/com.st.stm32cube.ide.mcu.externaltools.gnu-tools-for-stm32.10.3-2021.10.linux64_1.0.0.202111181127/tools/bin/../lib/gcc/arm-none-eabi/10.3.1/../../../../arm-none-eabi/lib/thumb/v7e-m+dp/hard/libc_nano.a(lib_a-memcpy-stub.o)
                0x000000000800ddcc                memcpy
 .text.memset   0x000000000800dde8       0x10 /opt/st/stm32cubeide_1.10.1/plugins/com.st.stm32cube.ide.mcu.externaltools.gnu-tools-for-stm32.10.3-2021.10.linux64_1.0.0.202111181127/tools/bin/../lib/gcc/arm-none-eabi/10.3.1/../../../../arm-none-eabi/lib/thumb/v7e-m+dp/hard/libc_nano.a(lib_a-memset.o)
                0x000000000800dde8                memset
 .text.realloc  0x000000000800ddf8       0x10 /opt/st/stm32cubeide_1.10.1/plugins/com.st.stm32cube.ide.mcu.externaltools.gnu-tools-for-stm32.10.3-2021.10.linux64_1.0.0.202111181127/tools/bin/../lib/gcc/arm-none-eabi/10.3.1/../../../../arm-none-eabi/lib/thumb/v7e-m+dp/hard/libc_nano.a(lib_a-realloc.o)
                0x000000000800ddf8                realloc
 .text._raise_r
                0x000000000800de08       0x50 /opt/st/stm32cubeide_1.10.1/plugins/com.st.stm32cube.ide.mcu.externaltools.gnu-tools-for-stm32.10.3-2021.10.linux64_1.0.0.202111181127/tools/bin/../lib/gcc/arm-none-eabi/10.3.1/../../../../arm-none-eabi/lib/thumb/v7e-m+dp/hard/libc_nano.a(lib_a-signal.o)
                0x000000000800de08                _raise_r
 .text.raise    0x000000000800de58       0x10 /opt/st/stm32cubeide_1.10.1/plugins/com.st.stm32cube.ide.mcu.externaltools.gnu-tools-for-stm32.10.3-2021.10.linux64_1.0.0.202111181127/tools/bin/../lib/gcc/arm-none-eabi/10.3.1/../../../../arm-none-eabi/lib/thumb/v7e-m+dp/hard/libc_nano.a(lib_a-signal.o)
                0x000000000800de58                raise
 .text._kill_r  0x000000000800de68       0x24 /opt/st/stm32cubeide_1.10.1/plugins/com.st.stm32cube.ide.mcu.externaltools.gnu-tools-for-stm32.10.3-2021.10.linux64_1.0.0.202111181127/tools/bin/../lib/gcc/arm-none-eabi/10.3.1/../../../../arm-none-eabi/lib/thumb/v7e-m+dp/hard/libc_nano.a(lib_a-signalr.o)
                0x000000000800de68                _kill_r
 .text._getpid_r
                0x000000000800de8c        0x4 /opt/st/stm32cubeide_1.10.1/plugins/com.st.stm32cube.ide.mcu.externaltools.gnu-tools-for-stm32.10.3-2021.10.linux64_1.0.0.202111181127/tools/bin/../lib/gcc/arm-none-eabi/10.3.1/../../../../arm-none-eabi/lib/thumb/v7e-m+dp/hard/libc_nano.a(lib_a-signalr.o)
                0x000000000800de8c                _getpid_r
 .text.sbrk_aligned
                0x000000000800de90       0x40 /opt/st/stm32cubeide_1.10.1/plugins/com.st.stm32cube.ide.mcu.externaltools.gnu-tools-for-stm32.10.3-2021.10.linux64_1.0.0.202111181127/tools/bin/../lib/gcc/arm-none-eabi/10.3.1/../../../../arm-none-eabi/lib/thumb/v7e-m+dp/hard/libc_nano.a(lib_a-nano-mallocr.o)
 .text._malloc_r
                0x000000000800ded0       0xe8 /opt/st/stm32cubeide_1.10.1/plugins/com.st.stm32cube.ide.mcu.externaltools.gnu-tools-for-stm32.10.3-2021.10.linux64_1.0.0.202111181127/tools/bin/../lib/gcc/arm-none-eabi/10.3.1/../../../../arm-none-eabi/lib/thumb/v7e-m+dp/hard/libc_nano.a(lib_a-nano-mallocr.o)
                0x000000000800ded0                _malloc_r
 .text._realloc_r
                0x000000000800dfb8       0x5e /opt/st/stm32cubeide_1.10.1/plugins/com.st.stm32cube.ide.mcu.externaltools.gnu-tools-for-stm32.10.3-2021.10.linux64_1.0.0.202111181127/tools/bin/../lib/gcc/arm-none-eabi/10.3.1/../../../../arm-none-eabi/lib/thumb/v7e-m+dp/hard/libc_nano.a(lib_a-nano-reallocr.o)
                0x000000000800dfb8                _realloc_r
 *fill*         0x000000000800e016        0x2 
 .text._sbrk_r  0x000000000800e018       0x20 /opt/st/stm32cubeide_1.10.1/plugins/com.st.stm32cube.ide.mcu.externaltools.gnu-tools-for-stm32.10.3-2021.10.linux64_1.0.0.202111181127/tools/bin/../lib/gcc/arm-none-eabi/10.3.1/../../../../arm-none-eabi/lib/thumb/v7e-m+dp/hard/libc_nano.a(lib_a-sbrkr.o)
                0x000000000800e018                _sbrk_r
 .text.__malloc_lock
                0x000000000800e038        0xc /opt/st/stm32cubeide_1.10.1/plugins/com.st.stm32cube.ide.mcu.externaltools.gnu-tools-for-stm32.10.3-2021.10.linux64_1.0.0.202111181127/tools/bin/../lib/gcc/arm-none-eabi/10.3.1/../../../../arm-none-eabi/lib/thumb/v7e-m+dp/hard/libc_nano.a(lib_a-mlock.o)
                0x000000000800e038                __malloc_lock
 .text.__malloc_unlock
                0x000000000800e044        0xc /opt/st/stm32cubeide_1.10.1/plugins/com.st.stm32cube.ide.mcu.externaltools.gnu-tools-for-stm32.10.3-2021.10.linux64_1.0.0.202111181127/tools/bin/../lib/gcc/arm-none-eabi/10.3.1/../../../../arm-none-eabi/lib/thumb/v7e-m+dp/hard/libc_nano.a(lib_a-mlock.o)
                0x000000000800e044                __malloc_unlock
 .text._free_r  0x000000000800e050       0x98 /opt/st/stm32cubeide_1.10.1/plugins/com.st.stm32cube.ide.mcu.externaltools.gnu-tools-for-stm32.10.3-2021.10.linux64_1.0.0.202111181127/tools/bin/../lib/gcc/arm-none-eabi/10.3.1/../../../../arm-none-eabi/lib/thumb/v7e-m+dp/hard/libc_nano.a(lib_a-nano-freer.o)
                0x000000000800e050                _free_r
 .text._malloc_usable_size_r
                0x000000000800e0e8       0x10 /opt/st/stm32cubeide_1.10.1/plugins/com.st.stm32cube.ide.mcu.externaltools.gnu-tools-for-stm32.10.3-2021.10.linux64_1.0.0.202111181127/tools/bin/../lib/gcc/arm-none-eabi/10.3.1/../../../../arm-none-eabi/lib/thumb/v7e-m+dp/hard/libc_nano.a(lib_a-nano-msizer.o)
                0x000000000800e0e8                _malloc_usable_size_r
 .text.__retarget_lock_acquire_recursive
                0x000000000800e0f8        0x2 /opt/st/stm32cubeide_1.10.1/plugins/com.st.stm32cube.ide.mcu.externaltools.gnu-tools-for-stm32.10.3-2021.10.linux64_1.0.0.202111181127/tools/bin/../lib/gcc/arm-none-eabi/10.3.1/../../../../arm-none-eabi/lib/thumb/v7e-m+dp/hard/libc_nano.a(lib_a-lock.o)
                0x000000000800e0f8                __retarget_lock_acquire_recursive
 .text.__retarget_lock_release_recursive
                0x000000000800e0fa        0x2 /opt/st/stm32cubeide_1.10.1/plugins/com.st.stm32cube.ide.mcu.externaltools.gnu-tools-for-stm32.10.3-2021.10.linux64_1.0.0.202111181127/tools/bin/../lib/gcc/arm-none-eabi/10.3.1/../../../../arm-none-eabi/lib/thumb/v7e-m+dp/hard/libc_nano.a(lib_a-lock.o)
                0x000000000800e0fa                __retarget_lock_release_recursive
 *(.glue_7)
 .glue_7        0x000000000800e0fc        0x0 linker stubs
 *(.glue_7t)
 .glue_7t       0x000000000800e0fc        0x0 linker stubs
 *(.eh_frame)
 .eh_frame      0x000000000800e0fc        0x0 /opt/st/stm32cubeide_1.10.1/plugins/com.st.stm32cube.ide.mcu.externaltools.gnu-tools-for-stm32.10.3-2021.10.linux64_1.0.0.202111181127/tools/bin/../lib/gcc/arm-none-eabi/10.3.1/thumb/v7e-m+dp/hard/crtbegin.o
 *(.init)
 .init          0x000000000800e0fc        0x4 /opt/st/stm32cubeide_1.10.1/plugins/com.st.stm32cube.ide.mcu.externaltools.gnu-tools-for-stm32.10.3-2021.10.linux64_1.0.0.202111181127/tools/bin/../lib/gcc/arm-none-eabi/10.3.1/thumb/v7e-m+dp/hard/crti.o
                0x000000000800e0fc                _init
 .init          0x000000000800e100        0x8 /opt/st/stm32cubeide_1.10.1/plugins/com.st.stm32cube.ide.mcu.externaltools.gnu-tools-for-stm32.10.3-2021.10.linux64_1.0.0.202111181127/tools/bin/../lib/gcc/arm-none-eabi/10.3.1/thumb/v7e-m+dp/hard/crtn.o
 *(.fini)
 .fini          0x000000000800e108        0x4 /opt/st/stm32cubeide_1.10.1/plugins/com.st.stm32cube.ide.mcu.externaltools.gnu-tools-for-stm32.10.3-2021.10.linux64_1.0.0.202111181127/tools/bin/../lib/gcc/arm-none-eabi/10.3.1/thumb/v7e-m+dp/hard/crti.o
                0x000000000800e108                _fini
 .fini          0x000000000800e10c        0x8 /opt/st/stm32cubeide_1.10.1/plugins/com.st.stm32cube.ide.mcu.externaltools.gnu-tools-for-stm32.10.3-2021.10.linux64_1.0.0.202111181127/tools/bin/../lib/gcc/arm-none-eabi/10.3.1/thumb/v7e-m+dp/hard/crtn.o
                0x000000000800e114                . = ALIGN (0x4)
                0x000000000800e114                _etext = .

.vfp11_veneer   0x000000000800e114        0x0
 .vfp11_veneer  0x000000000800e114        0x0 linker stubs

.v4_bx          0x000000000800e114        0x0
 .v4_bx         0x000000000800e114        0x0 linker stubs

.iplt           0x000000000800e114        0x0
 .iplt          0x000000000800e114        0x0 /opt/st/stm32cubeide_1.10.1/plugins/com.st.stm32cube.ide.mcu.externaltools.gnu-tools-for-stm32.10.3-2021.10.linux64_1.0.0.202111181127/tools/bin/../lib/gcc/arm-none-eabi/10.3.1/thumb/v7e-m+dp/hard/crtbegin.o

.rodata         0x000000000800e118      0x314
                0x000000000800e118                . = ALIGN (0x4)
 *(.rodata)
 .rodata        0x000000000800e118      0x197 ./Core/Src/ROS_mainpp.o
 *(.rodata*)
 *fill*         0x000000000800e2af        0x1 
 .rodata._ZN8DC_MotorL15CONST_FOR_MOTORE
                0x000000000800e2b0       0x20 ./Core/Src/DC_Motor.o
 .rodata._ZN14rosserial_msgsL12REQUESTPARAME
                0x000000000800e2d0       0x1c ./Core/Src/ROS_mainpp.o
 .rodata._ZTVN3ros10SubscriberIN13geometry_msgs5TwistEvEE
                0x000000000800e2ec       0x18 ./Core/Src/ROS_mainpp.o
                0x000000000800e2ec                vtable for ros::Subscriber<geometry_msgs::Twist, void>
 .rodata._ZTVN3ros11NodeHandle_I13STM32HardwareLi25ELi25ELi512ELi512EEE
                0x000000000800e304       0x14 ./Core/Src/ROS_mainpp.o
                0x000000000800e304                vtable for ros::NodeHandle_<STM32Hardware, 25, 25, 512, 512>
 .rodata._ZTVN3ros11Subscriber_E
                0x000000000800e318       0x18 ./Core/Src/ROS_mainpp.o
                0x000000000800e318                vtable for ros::Subscriber_
 .rodata._ZTVN3ros15NodeHandleBase_E
                0x000000000800e330       0x14 ./Core/Src/ROS_mainpp.o
                0x000000000800e330                vtable for ros::NodeHandleBase_
 .rodata._ZTVN14rosserial_msgs20RequestParamResponseE
                0x000000000800e344       0x18 ./Core/Src/ROS_mainpp.o
                0x000000000800e344                vtable for rosserial_msgs::RequestParamResponse
 .rodata._ZTVN14rosserial_msgs3LogE
                0x000000000800e35c       0x18 ./Core/Src/ROS_mainpp.o
                0x000000000800e35c                vtable for rosserial_msgs::Log
 .rodata._ZTVN14rosserial_msgs9TopicInfoE
                0x000000000800e374       0x18 ./Core/Src/ROS_mainpp.o
                0x000000000800e374                vtable for rosserial_msgs::TopicInfo
 .rodata._ZTVN8std_msgs4TimeE
                0x000000000800e38c       0x18 ./Core/Src/ROS_mainpp.o
                0x000000000800e38c                vtable for std_msgs::Time
 .rodata._ZTVN13geometry_msgs5TwistE
                0x000000000800e3a4       0x18 ./Core/Src/ROS_mainpp.o
                0x000000000800e3a4                vtable for geometry_msgs::Twist
 .rodata._ZTVN13geometry_msgs7Vector3E
                0x000000000800e3bc       0x18 ./Core/Src/ROS_mainpp.o
                0x000000000800e3bc                vtable for geometry_msgs::Vector3
 .rodata._ZTVN3ros3MsgE
                0x000000000800e3d4       0x18 ./Core/Src/ROS_mainpp.o
                0x000000000800e3d4                vtable for ros::Msg
 .rodata.D1CorePrescTable
                0x000000000800e3ec       0x10 ./Core/Src/system_stm32h7xx.o
                0x000000000800e3ec                D1CorePrescTable
 .rodata.flagBitshiftOffset.0
                0x000000000800e3fc        0x8 ./Drivers/STM32H7xx_HAL_Driver/Src/stm32h7xx_hal_dma.o
 .rodata.UARTPrescTable
                0x000000000800e404       0x18 ./Drivers/STM32H7xx_HAL_Driver/Src/stm32h7xx_hal_uart.o
                0x000000000800e404                UARTPrescTable
 .rodata.numerator.1
                0x000000000800e41c        0x8 ./Drivers/STM32H7xx_HAL_Driver/Src/stm32h7xx_hal_uart_ex.o
 .rodata.denominator.0
                0x000000000800e424        0x8 ./Drivers/STM32H7xx_HAL_Driver/Src/stm32h7xx_hal_uart_ex.o
                0x000000000800e42c                . = ALIGN (0x4)

.ARM.extab
 *(.ARM.extab* .gnu.linkonce.armextab.*)

.ARM            0x000000000800e42c        0x8
                0x000000000800e42c                __exidx_start = .
 *(.ARM.exidx*)
 .ARM.exidx     0x000000000800e42c        0x8 /opt/st/stm32cubeide_1.10.1/plugins/com.st.stm32cube.ide.mcu.externaltools.gnu-tools-for-stm32.10.3-2021.10.linux64_1.0.0.202111181127/tools/bin/../lib/gcc/arm-none-eabi/10.3.1/thumb/v7e-m+dp/hard/libgcc.a(_udivmoddi4.o)
                0x000000000800e434                __exidx_end = .

.rel.dyn        0x000000000800e434        0x0
 .rel.iplt      0x000000000800e434        0x0 /opt/st/stm32cubeide_1.10.1/plugins/com.st.stm32cube.ide.mcu.externaltools.gnu-tools-for-stm32.10.3-2021.10.linux64_1.0.0.202111181127/tools/bin/../lib/gcc/arm-none-eabi/10.3.1/thumb/v7e-m+dp/hard/crtbegin.o

.preinit_array  0x000000000800e434        0x0
                0x000000000800e434                PROVIDE (__preinit_array_start = .)
 *(.preinit_array*)
                0x000000000800e434                PROVIDE (__preinit_array_end = .)

.init_array     0x000000000800e434        0xc
                0x000000000800e434                PROVIDE (__init_array_start = .)
 *(SORT_BY_NAME(.init_array.*))
 *(.init_array*)
 .init_array    0x000000000800e434        0x4 /opt/st/stm32cubeide_1.10.1/plugins/com.st.stm32cube.ide.mcu.externaltools.gnu-tools-for-stm32.10.3-2021.10.linux64_1.0.0.202111181127/tools/bin/../lib/gcc/arm-none-eabi/10.3.1/thumb/v7e-m+dp/hard/crtbegin.o
 .init_array    0x000000000800e438        0x4 ./Core/Src/Omni.o
 .init_array    0x000000000800e43c        0x4 ./Core/Src/ROS_mainpp.o
                0x000000000800e440                PROVIDE (__init_array_end = .)

.fini_array     0x000000000800e440        0x4
                [!provide]                        PROVIDE (__fini_array_start = .)
 *(SORT_BY_NAME(.fini_array.*))
 *(.fini_array*)
 .fini_array    0x000000000800e440        0x4 /opt/st/stm32cubeide_1.10.1/plugins/com.st.stm32cube.ide.mcu.externaltools.gnu-tools-for-stm32.10.3-2021.10.linux64_1.0.0.202111181127/tools/bin/../lib/gcc/arm-none-eabi/10.3.1/thumb/v7e-m+dp/hard/crtbegin.o
                [!provide]                        PROVIDE (__fini_array_end = .)
                0x000000000800e444                _sidata = LOADADDR (.data)

.data           0x0000000024000000       0x78 load address 0x000000000800e444
                0x0000000024000000                . = ALIGN (0x4)
                0x0000000024000000                _sdata = .
 *(.data)
 *(.data*)
 .data.SystemCoreClock
                0x0000000024000000        0x4 ./Core/Src/system_stm32h7xx.o
                0x0000000024000000                SystemCoreClock
 .data.SystemD2Clock
                0x0000000024000004        0x4 ./Core/Src/system_stm32h7xx.o
                0x0000000024000004                SystemD2Clock
 .data.uwTickPrio
                0x0000000024000008        0x4 ./Drivers/STM32H7xx_HAL_Driver/Src/stm32h7xx_hal.o
                0x0000000024000008                uwTickPrio
 .data.uwTickFreq
                0x000000002400000c        0x1 ./Drivers/STM32H7xx_HAL_Driver/Src/stm32h7xx_hal.o
                0x000000002400000c                uwTickFreq
 *fill*         0x000000002400000d        0x3 
 .data._ZN10__cxxabiv119__terminate_handlerE
                0x0000000024000010        0x4 /opt/st/stm32cubeide_1.10.1/plugins/com.st.stm32cube.ide.mcu.externaltools.gnu-tools-for-stm32.10.3-2021.10.linux64_1.0.0.202111181127/tools/bin/../lib/gcc/arm-none-eabi/10.3.1/../../../../arm-none-eabi/lib/thumb/v7e-m+dp/hard/libstdc++_nano.a(eh_term_handler.o)
                0x0000000024000010                __cxxabiv1::__terminate_handler
 .data._impure_ptr
                0x0000000024000014        0x4 /opt/st/stm32cubeide_1.10.1/plugins/com.st.stm32cube.ide.mcu.externaltools.gnu-tools-for-stm32.10.3-2021.10.linux64_1.0.0.202111181127/tools/bin/../lib/gcc/arm-none-eabi/10.3.1/../../../../arm-none-eabi/lib/thumb/v7e-m+dp/hard/libc_nano.a(lib_a-impure.o)
                0x0000000024000014                _impure_ptr
 .data.impure_data
                0x0000000024000018       0x60 /opt/st/stm32cubeide_1.10.1/plugins/com.st.stm32cube.ide.mcu.externaltools.gnu-tools-for-stm32.10.3-2021.10.linux64_1.0.0.202111181127/tools/bin/../lib/gcc/arm-none-eabi/10.3.1/../../../../arm-none-eabi/lib/thumb/v7e-m+dp/hard/libc_nano.a(lib_a-impure.o)
 *(.RamFunc)
 *(.RamFunc*)
                0x0000000024000078                . = ALIGN (0x4)
                0x0000000024000078                _edata = .

.igot.plt       0x0000000024000078        0x0 load address 0x000000000800e4bc
 .igot.plt      0x0000000024000078        0x0 /opt/st/stm32cubeide_1.10.1/plugins/com.st.stm32cube.ide.mcu.externaltools.gnu-tools-for-stm32.10.3-2021.10.linux64_1.0.0.202111181127/tools/bin/../lib/gcc/arm-none-eabi/10.3.1/thumb/v7e-m+dp/hard/crtbegin.o
                0x0000000024000078                . = ALIGN (0x4)

.bss            0x0000000024000078    0x10aac load address 0x000000000800e4bc
                0x0000000024000078                _sbss = .
                0x0000000024000078                __bss_start__ = _sbss
 *(.bss)
 .bss           0x0000000024000078       0x1c /opt/st/stm32cubeide_1.10.1/plugins/com.st.stm32cube.ide.mcu.externaltools.gnu-tools-for-stm32.10.3-2021.10.linux64_1.0.0.202111181127/tools/bin/../lib/gcc/arm-none-eabi/10.3.1/thumb/v7e-m+dp/hard/crtbegin.o
 *(.bss*)
 *fill*         0x0000000024000094        0x4 
 .bss.omni      0x0000000024000098     0xfc30 ./Core/Src/Omni.o
                0x0000000024000098                omni
 .bss._ZZN13STM32Hardware5flushEvE5mutex
                0x000000002400fcc8        0x1 ./Core/Src/ROS_mainpp.o
                0x000000002400fcc8                STM32Hardware::flush()::mutex
 *fill*         0x000000002400fcc9        0x3 
 .bss.nh        0x000000002400fccc      0x93c ./Core/Src/ROS_mainpp.o
                0x000000002400fccc                nh
 .bss.CarVnow   0x0000000024010608       0x48 ./Core/Src/ROS_mainpp.o
                0x0000000024010608                CarVnow
 .bss._ZL10NowCarInfo
                0x0000000024010650       0x18 ./Core/Src/ROS_mainpp.o
 .bss.CarVelSub
                0x0000000024010668       0x60 ./Core/Src/ROS_mainpp.o
                0x0000000024010668                CarVelSub
 .bss.CarVelPub
                0x00000000240106c8       0x14 ./Core/Src/ROS_mainpp.o
                0x00000000240106c8                CarVelPub
 .bss._ZL17ROS_CAR_FREQUENCY
                0x00000000240106dc        0x4 ./Core/Src/function.o
 .bss.htim2     0x00000000240106e0       0x4c ./Core/Src/main.o
                0x00000000240106e0                htim2
 .bss.htim3     0x000000002401072c       0x4c ./Core/Src/main.o
                0x000000002401072c                htim3
 .bss.htim4     0x0000000024010778       0x4c ./Core/Src/main.o
                0x0000000024010778                htim4
 .bss.htim5     0x00000000240107c4       0x4c ./Core/Src/main.o
                0x00000000240107c4                htim5
 .bss.htim7     0x0000000024010810       0x4c ./Core/Src/main.o
                0x0000000024010810                htim7
 .bss.htim8     0x000000002401085c       0x4c ./Core/Src/main.o
                0x000000002401085c                htim8
 .bss.htim12    0x00000000240108a8       0x4c ./Core/Src/main.o
                0x00000000240108a8                htim12
 .bss.htim13    0x00000000240108f4       0x4c ./Core/Src/main.o
                0x00000000240108f4                htim13
 .bss.htim15    0x0000000024010940       0x4c ./Core/Src/main.o
                0x0000000024010940                htim15
 .bss.huart1    0x000000002401098c       0x90 ./Core/Src/main.o
                0x000000002401098c                huart1
 .bss.hdma_usart1_rx
                0x0000000024010a1c       0x78 ./Core/Src/main.o
                0x0000000024010a1c                hdma_usart1_rx
 .bss.hdma_usart1_tx
                0x0000000024010a94       0x78 ./Core/Src/main.o
                0x0000000024010a94                hdma_usart1_tx
 .bss.__sbrk_heap_end
                0x0000000024010b0c        0x4 ./Core/Src/sysmem.o
 .bss.uwTick    0x0000000024010b10        0x4 ./Drivers/STM32H7xx_HAL_Driver/Src/stm32h7xx_hal.o
                0x0000000024010b10                uwTick
 .bss.__malloc_free_list
                0x0000000024010b14        0x4 /opt/st/stm32cubeide_1.10.1/plugins/com.st.stm32cube.ide.mcu.externaltools.gnu-tools-for-stm32.10.3-2021.10.linux64_1.0.0.202111181127/tools/bin/../lib/gcc/arm-none-eabi/10.3.1/../../../../arm-none-eabi/lib/thumb/v7e-m+dp/hard/libc_nano.a(lib_a-nano-mallocr.o)
                0x0000000024010b14                __malloc_free_list
 .bss.__malloc_sbrk_start
                0x0000000024010b18        0x4 /opt/st/stm32cubeide_1.10.1/plugins/com.st.stm32cube.ide.mcu.externaltools.gnu-tools-for-stm32.10.3-2021.10.linux64_1.0.0.202111181127/tools/bin/../lib/gcc/arm-none-eabi/10.3.1/../../../../arm-none-eabi/lib/thumb/v7e-m+dp/hard/libc_nano.a(lib_a-nano-mallocr.o)
                0x0000000024010b18                __malloc_sbrk_start
 .bss.errno     0x0000000024010b1c        0x4 /opt/st/stm32cubeide_1.10.1/plugins/com.st.stm32cube.ide.mcu.externaltools.gnu-tools-for-stm32.10.3-2021.10.linux64_1.0.0.202111181127/tools/bin/../lib/gcc/arm-none-eabi/10.3.1/../../../../arm-none-eabi/lib/thumb/v7e-m+dp/hard/libc_nano.a(lib_a-reent.o)
                0x0000000024010b1c                errno
 .bss.__lock___malloc_recursive_mutex
                0x0000000024010b20        0x1 /opt/st/stm32cubeide_1.10.1/plugins/com.st.stm32cube.ide.mcu.externaltools.gnu-tools-for-stm32.10.3-2021.10.linux64_1.0.0.202111181127/tools/bin/../lib/gcc/arm-none-eabi/10.3.1/../../../../arm-none-eabi/lib/thumb/v7e-m+dp/hard/libc_nano.a(lib_a-lock.o)
                0x0000000024010b20                __lock___malloc_recursive_mutex
 *(COMMON)
                0x0000000024010b24                . = ALIGN (0x4)
 *fill*         0x0000000024010b21        0x3 
                0x0000000024010b24                _ebss = .
                0x0000000024010b24                __bss_end__ = _ebss

._user_heap_stack
                0x0000000024010b24      0x604 load address 0x000000000800e4bc
                0x0000000024010b28                . = ALIGN (0x8)
 *fill*         0x0000000024010b24        0x4 
                [!provide]                        PROVIDE (end = .)
                0x0000000024010b28                PROVIDE (_end = .)
                0x0000000024010d28                . = (. + _Min_Heap_Size)
 *fill*         0x0000000024010b28      0x200 
                0x0000000024011128                . = (. + _Min_Stack_Size)
 *fill*         0x0000000024010d28      0x400 
                0x0000000024011128                . = ALIGN (0x8)

/DISCARD/
 libc.a(*)
 libm.a(*)
 libgcc.a(*)

.ARM.attributes
                0x0000000000000000       0x2e
 *(.ARM.attributes)
 .ARM.attributes
                0x0000000000000000       0x1e /opt/st/stm32cubeide_1.10.1/plugins/com.st.stm32cube.ide.mcu.externaltools.gnu-tools-for-stm32.10.3-2021.10.linux64_1.0.0.202111181127/tools/bin/../lib/gcc/arm-none-eabi/10.3.1/thumb/v7e-m+dp/hard/crti.o
 .ARM.attributes
                0x000000000000001e       0x32 /opt/st/stm32cubeide_1.10.1/plugins/com.st.stm32cube.ide.mcu.externaltools.gnu-tools-for-stm32.10.3-2021.10.linux64_1.0.0.202111181127/tools/bin/../lib/gcc/arm-none-eabi/10.3.1/thumb/v7e-m+dp/hard/crtbegin.o
 .ARM.attributes
                0x0000000000000050       0x32 ./Core/Inc/time.o
 .ARM.attributes
                0x0000000000000082       0x32 ./Core/Src/DC_Motor.o
 .ARM.attributes
                0x00000000000000b4       0x32 ./Core/Src/Omni.o
 .ARM.attributes
                0x00000000000000e6       0x32 ./Core/Src/ROS_mainpp.o
 .ARM.attributes
                0x0000000000000118       0x32 ./Core/Src/function.o
 .ARM.attributes
                0x000000000000014a       0x32 ./Core/Src/main.o
 .ARM.attributes
                0x000000000000017c       0x32 ./Core/Src/mainpp.o
 .ARM.attributes
                0x00000000000001ae       0x32 ./Core/Src/stm32h7xx_hal_msp.o
 .ARM.attributes
                0x00000000000001e0       0x32 ./Core/Src/stm32h7xx_it.o
 .ARM.attributes
                0x0000000000000212       0x32 ./Core/Src/syscalls.o
 .ARM.attributes
                0x0000000000000244       0x32 ./Core/Src/sysmem.o
 .ARM.attributes
                0x0000000000000276       0x32 ./Core/Src/system_stm32h7xx.o
 .ARM.attributes
                0x00000000000002a8       0x21 ./Core/Startup/startup_stm32h723zgtx.o
 .ARM.attributes
                0x00000000000002c9       0x32 ./Drivers/STM32H7xx_HAL_Driver/Src/stm32h7xx_hal.o
 .ARM.attributes
                0x00000000000002fb       0x32 ./Drivers/STM32H7xx_HAL_Driver/Src/stm32h7xx_hal_cortex.o
 .ARM.attributes
                0x000000000000032d       0x32 ./Drivers/STM32H7xx_HAL_Driver/Src/stm32h7xx_hal_dma.o
 .ARM.attributes
                0x000000000000035f       0x32 ./Drivers/STM32H7xx_HAL_Driver/Src/stm32h7xx_hal_gpio.o
 .ARM.attributes
                0x0000000000000391       0x32 ./Drivers/STM32H7xx_HAL_Driver/Src/stm32h7xx_hal_pwr_ex.o
 .ARM.attributes
                0x00000000000003c3       0x32 ./Drivers/STM32H7xx_HAL_Driver/Src/stm32h7xx_hal_rcc.o
 .ARM.attributes
                0x00000000000003f5       0x32 ./Drivers/STM32H7xx_HAL_Driver/Src/stm32h7xx_hal_rcc_ex.o
 .ARM.attributes
                0x0000000000000427       0x32 ./Drivers/STM32H7xx_HAL_Driver/Src/stm32h7xx_hal_tim.o
 .ARM.attributes
                0x0000000000000459       0x32 ./Drivers/STM32H7xx_HAL_Driver/Src/stm32h7xx_hal_tim_ex.o
 .ARM.attributes
                0x000000000000048b       0x32 ./Drivers/STM32H7xx_HAL_Driver/Src/stm32h7xx_hal_uart.o
 .ARM.attributes
                0x00000000000004bd       0x32 ./Drivers/STM32H7xx_HAL_Driver/Src/stm32h7xx_hal_uart_ex.o
 .ARM.attributes
                0x00000000000004ef       0x32 /opt/st/stm32cubeide_1.10.1/plugins/com.st.stm32cube.ide.mcu.externaltools.gnu-tools-for-stm32.10.3-2021.10.linux64_1.0.0.202111181127/tools/bin/../lib/gcc/arm-none-eabi/10.3.1/../../../../arm-none-eabi/lib/thumb/v7e-m+dp/hard/libstdc++_nano.a(pure.o)
 .ARM.attributes
                0x0000000000000521       0x32 /opt/st/stm32cubeide_1.10.1/plugins/com.st.stm32cube.ide.mcu.externaltools.gnu-tools-for-stm32.10.3-2021.10.linux64_1.0.0.202111181127/tools/bin/../lib/gcc/arm-none-eabi/10.3.1/../../../../arm-none-eabi/lib/thumb/v7e-m+dp/hard/libstdc++_nano.a(eh_terminate.o)
 .ARM.attributes
                0x0000000000000553       0x32 /opt/st/stm32cubeide_1.10.1/plugins/com.st.stm32cube.ide.mcu.externaltools.gnu-tools-for-stm32.10.3-2021.10.linux64_1.0.0.202111181127/tools/bin/../lib/gcc/arm-none-eabi/10.3.1/../../../../arm-none-eabi/lib/thumb/v7e-m+dp/hard/libstdc++_nano.a(eh_term_handler.o)
 .ARM.attributes
                0x0000000000000585       0x32 /opt/st/stm32cubeide_1.10.1/plugins/com.st.stm32cube.ide.mcu.externaltools.gnu-tools-for-stm32.10.3-2021.10.linux64_1.0.0.202111181127/tools/bin/../lib/gcc/arm-none-eabi/10.3.1/../../../../arm-none-eabi/lib/thumb/v7e-m+dp/hard/libc_nano.a(lib_a-abort.o)
 .ARM.attributes
                0x00000000000005b7       0x32 /opt/st/stm32cubeide_1.10.1/plugins/com.st.stm32cube.ide.mcu.externaltools.gnu-tools-for-stm32.10.3-2021.10.linux64_1.0.0.202111181127/tools/bin/../lib/gcc/arm-none-eabi/10.3.1/../../../../arm-none-eabi/lib/thumb/v7e-m+dp/hard/libc_nano.a(lib_a-errno.o)
 .ARM.attributes
                0x00000000000005e9       0x32 /opt/st/stm32cubeide_1.10.1/plugins/com.st.stm32cube.ide.mcu.externaltools.gnu-tools-for-stm32.10.3-2021.10.linux64_1.0.0.202111181127/tools/bin/../lib/gcc/arm-none-eabi/10.3.1/../../../../arm-none-eabi/lib/thumb/v7e-m+dp/hard/libc_nano.a(lib_a-impure.o)
 .ARM.attributes
                0x000000000000061b       0x32 /opt/st/stm32cubeide_1.10.1/plugins/com.st.stm32cube.ide.mcu.externaltools.gnu-tools-for-stm32.10.3-2021.10.linux64_1.0.0.202111181127/tools/bin/../lib/gcc/arm-none-eabi/10.3.1/../../../../arm-none-eabi/lib/thumb/v7e-m+dp/hard/libc_nano.a(lib_a-init.o)
 .ARM.attributes
                0x000000000000064d       0x32 /opt/st/stm32cubeide_1.10.1/plugins/com.st.stm32cube.ide.mcu.externaltools.gnu-tools-for-stm32.10.3-2021.10.linux64_1.0.0.202111181127/tools/bin/../lib/gcc/arm-none-eabi/10.3.1/../../../../arm-none-eabi/lib/thumb/v7e-m+dp/hard/libc_nano.a(lib_a-memcpy-stub.o)
 .ARM.attributes