../Core/Src/DC_Motor.cpp:23:6:void DC_Motor::Init()	8	static
../Core/Src/DC_Motor.cpp:40:6:void DC_Motor::Motor::Init(short int, TIM_HandleTypeDef*, double, double)	40	static
../Core/Src/DC_Motor.cpp:47:6:void DC_Motor::Motor::UpdatePI()	24	static
../Core/Src/DC_Motor.cpp:92:6:void DC_Motor::Motor::UpdateVnow()	16	static
../Core/Src/DC_Motor.cpp:107:6:void DC_Motor::Motor::SetVgoal(double)	24	static
../Core/Src/DC_Motor.cpp:111:6:void DC_Motor::Motor::Record_CNT()	16	static
../Core/Src/DC_Motor.cpp:115:8:double DC_Motor::Motor::MoveDis()	24	static
../Core/Src/DC_Motor.cpp:123:8:double DC_Motor::Motor::GetVnow()	16	static
../Core/Src/DC_Motor.cpp:127:1:void __static_initialization_and_destruction_0(int, int)	16	static
../Core/Src/DC_Motor.cpp:127:1:cpp)	8	static
