../Core/Src/main.c:90:5:main	8	static
../Core/Src/main.c:144:6:SystemClock_Config	120	static
../Core/Src/main.c:199:13:MX_TIM2_Init	56	static
../Core/Src/main.c:245:13:MX_TIM3_Init	56	static
../Core/Src/main.c:291:13:MX_TIM4_Init	56	static
../Core/Src/main.c:337:13:MX_TIM5_Init	56	static
../Core/Src/main.c:383:13:MX_TIM7_Init	24	static
../Core/Src/main.c:418:13:MX_TIM8_Init	104	static
../Core/Src/main.c:483:13:MX_TIM12_Init	40	static
../Core/Src/main.c:525:13:MX_TIM13_Init	8	static
../Core/Src/main.c:554:13:MX_TIM15_Init	104	static
../Core/Src/main.c:618:13:MX_USART1_UART_Init	8	static
../Core/Src/main.c:661:13:MX_DMA_Init	16	static
../Core/Src/main.c:681:13:MX_GPIO_Init	56	static
../Core/Src/main.c:742:6:Error_Handler	4	static,ignoring_inline_asm
