../Core/Src/DC_Motor.h:42:2:DC_Motor::Motor::Motor()	16	static
../Core/Src/Omni.h:11:3:constexpr CAR_INFO::CAR_INFO()	16	static
../Core/Src/Omni.cpp:18:1:Omni::Omni()	24	static
../Core/Src/Omni.cpp:21:6:void Omni::Init()	16	static
../Core/Src/Omni.cpp:30:6:void Omni::Get_Car_location()	56	static
../Core/Src/Omni.cpp:40:6:void Omni::UpdateNowCarInfo()	24	static
../Core/Src/Omni.cpp:51:6:void Omni::SetGoalCarInfo(double, double, double)	40	static
../Core/Src/Omni.cpp:59:6:void Omni::Update_PID()	24	static
../Core/Src/Omni.cpp:65:6:void Omni::UpdateMotorVnow()	24	static
../Core/Src/Omni.cpp:72:6:void Omni::Move()	16	static
../Core/Src/Omni.cpp:86:6:void Omni::SetMotorVgoal()	16	static
../Core/Src/Omni.cpp:94:10:CAR_INFO Omni::GetNowCarInfo()	72	static
../Core/Src/Omni.cpp:96:1:void __static_initialization_and_destruction_0(int, int)	16	static
../Core/Src/Omni.cpp:96:1:cpp)	8	static
